<?xml version="1.0" encoding="ISO-8859-1" ?>
<link_info>
   <banner>TI ARM Clang Linker PC v5.1.1.LTS</banner>
   <copyright>Copyright (c) 1996-2018 Texas Instruments Incorporated</copyright>
   <command_line>C:\ti\ccs2100\ccs\tools\compiler\ti-cgt-armllvm_5.1.1.LTS\bin\tiarmlnk -IC:\ti\ccs2100\ccs\tools\compiler\ti-cgt-armllvm_5.1.1.LTS\lib -o ECE319K_Lab9.out --cg_opt_level=0 -mECE319K_Lab9.map --heap_size=512 --stack_size=512 -iC:/Users/devan/OneDrive/Documents/MSPM0_ValvanoWare/ECE319K_Lab9/Debug/syscfg -iC:/ti/ccs2100/ccs/tools/compiler/ti-cgt-armllvm_5.1.1.LTS/lib --diag_wrap=off --display_error_number --warn_sections --xml_link_info=ECE319K_Lab9_linkInfo.xml --rom_model ./ADC.o ./Arabic.o ./Clock.o ./DAC5.o ./LED.o ./Lab9Main.o ./LaunchPad.o ./SPI.o ./ST7735.o ./SmallFont.o ./Sound.o ./Switch.o ./TExaS.o ./Timer.o ./images/pipedreams/PipeSound.o ./ticlang/startup_mspm0g3507_ticlang.o ../mspm0g3507.cmd -lC:/ti/mspm0_sdk_2_10_00_04/source/ti/driverlib/lib/ticlang/m0p/mspm0g1x0x_g3x0x/driverlib.a -llibc.a --start-group -llibc++.a -llibc++abi.a -llibc.a -llibsys.a -llibsysbm.a -llibclang_rt.builtins.a -llibclang_rt.profile.a --end-group</command_line>
   <link_time>0x6a5bd23b</link_time>
   <link_errors>0x0</link_errors>
   <output_file>C:\Users\devan\OneDrive\Documents\MSPM0_ValvanoWare\ECE319K_Lab9\Debug\ECE319K_Lab9.out</output_file>
   <entry_point>
      <name>_c_int00_noargs</name>
      <address>0x90c1</address>
   </entry_point>
   <input_file_list>
      <input_file id="fl-1">
         <path>C:\Users\devan\OneDrive\Documents\MSPM0_ValvanoWare\ECE319K_Lab9\Debug\.\</path>
         <kind>object</kind>
         <file>ADC.o</file>
         <name>ADC.o</name>
      </input_file>
      <input_file id="fl-2">
         <path>C:\Users\devan\OneDrive\Documents\MSPM0_ValvanoWare\ECE319K_Lab9\Debug\.\</path>
         <kind>object</kind>
         <file>Arabic.o</file>
         <name>Arabic.o</name>
      </input_file>
      <input_file id="fl-3">
         <path>C:\Users\devan\OneDrive\Documents\MSPM0_ValvanoWare\ECE319K_Lab9\Debug\.\</path>
         <kind>object</kind>
         <file>Clock.o</file>
         <name>Clock.o</name>
      </input_file>
      <input_file id="fl-4">
         <path>C:\Users\devan\OneDrive\Documents\MSPM0_ValvanoWare\ECE319K_Lab9\Debug\.\</path>
         <kind>object</kind>
         <file>DAC5.o</file>
         <name>DAC5.o</name>
      </input_file>
      <input_file id="fl-5">
         <path>C:\Users\devan\OneDrive\Documents\MSPM0_ValvanoWare\ECE319K_Lab9\Debug\.\</path>
         <kind>object</kind>
         <file>LED.o</file>
         <name>LED.o</name>
      </input_file>
      <input_file id="fl-6">
         <path>C:\Users\devan\OneDrive\Documents\MSPM0_ValvanoWare\ECE319K_Lab9\Debug\.\</path>
         <kind>object</kind>
         <file>Lab9Main.o</file>
         <name>Lab9Main.o</name>
      </input_file>
      <input_file id="fl-7">
         <path>C:\Users\devan\OneDrive\Documents\MSPM0_ValvanoWare\ECE319K_Lab9\Debug\.\</path>
         <kind>object</kind>
         <file>LaunchPad.o</file>
         <name>LaunchPad.o</name>
      </input_file>
      <input_file id="fl-8">
         <path>C:\Users\devan\OneDrive\Documents\MSPM0_ValvanoWare\ECE319K_Lab9\Debug\.\</path>
         <kind>object</kind>
         <file>SPI.o</file>
         <name>SPI.o</name>
      </input_file>
      <input_file id="fl-9">
         <path>C:\Users\devan\OneDrive\Documents\MSPM0_ValvanoWare\ECE319K_Lab9\Debug\.\</path>
         <kind>object</kind>
         <file>ST7735.o</file>
         <name>ST7735.o</name>
      </input_file>
      <input_file id="fl-a">
         <path>C:\Users\devan\OneDrive\Documents\MSPM0_ValvanoWare\ECE319K_Lab9\Debug\.\</path>
         <kind>object</kind>
         <file>SmallFont.o</file>
         <name>SmallFont.o</name>
      </input_file>
      <input_file id="fl-b">
         <path>C:\Users\devan\OneDrive\Documents\MSPM0_ValvanoWare\ECE319K_Lab9\Debug\.\</path>
         <kind>object</kind>
         <file>Sound.o</file>
         <name>Sound.o</name>
      </input_file>
      <input_file id="fl-c">
         <path>C:\Users\devan\OneDrive\Documents\MSPM0_ValvanoWare\ECE319K_Lab9\Debug\.\</path>
         <kind>object</kind>
         <file>Switch.o</file>
         <name>Switch.o</name>
      </input_file>
      <input_file id="fl-d">
         <path>C:\Users\devan\OneDrive\Documents\MSPM0_ValvanoWare\ECE319K_Lab9\Debug\.\</path>
         <kind>object</kind>
         <file>TExaS.o</file>
         <name>TExaS.o</name>
      </input_file>
      <input_file id="fl-e">
         <path>C:\Users\devan\OneDrive\Documents\MSPM0_ValvanoWare\ECE319K_Lab9\Debug\.\</path>
         <kind>object</kind>
         <file>Timer.o</file>
         <name>Timer.o</name>
      </input_file>
      <input_file id="fl-f">
         <path>C:\Users\devan\OneDrive\Documents\MSPM0_ValvanoWare\ECE319K_Lab9\Debug\.\images\pipedreams\</path>
         <kind>object</kind>
         <file>PipeSound.o</file>
         <name>PipeSound.o</name>
      </input_file>
      <input_file id="fl-10">
         <path>C:\Users\devan\OneDrive\Documents\MSPM0_ValvanoWare\ECE319K_Lab9\Debug\.\ticlang\</path>
         <kind>object</kind>
         <file>startup_mspm0g3507_ticlang.o</file>
         <name>startup_mspm0g3507_ticlang.o</name>
      </input_file>
      <input_file id="fl-1c">
         <path>C:\Users\devan\OneDrive\Documents\MSPM0_ValvanoWare\ECE319K_Lab9\Debug\</path>
         <kind>object</kind>
         <file>&lt;internal&gt;</file>
         <name>&lt;internal&gt;</name>
      </input_file>
      <input_file id="fl-39">
         <path>C:\ti\ccs2100\ccs\tools\compiler\ti-cgt-armllvm_5.1.1.LTS\lib\armv6m-ti-none-eabi\c\</path>
         <kind>archive</kind>
         <file>libc.a</file>
         <name>fopen.c.obj</name>
      </input_file>
      <input_file id="fl-3a">
         <path>C:\ti\ccs2100\ccs\tools\compiler\ti-cgt-armllvm_5.1.1.LTS\lib\armv6m-ti-none-eabi\c\</path>
         <kind>archive</kind>
         <file>libc.a</file>
         <name>setvbuf.c.obj</name>
      </input_file>
      <input_file id="fl-3b">
         <path>C:\ti\ccs2100\ccs\tools\compiler\ti-cgt-armllvm_5.1.1.LTS\lib\armv6m-ti-none-eabi\c\</path>
         <kind>archive</kind>
         <file>libc.a</file>
         <name>aeabi_portable.c.obj</name>
      </input_file>
      <input_file id="fl-3c">
         <path>C:\ti\ccs2100\ccs\tools\compiler\ti-cgt-armllvm_5.1.1.LTS\lib\armv6m-ti-none-eabi\c\</path>
         <kind>archive</kind>
         <file>libc.a</file>
         <name>exit.c.obj</name>
      </input_file>
      <input_file id="fl-3d">
         <path>C:\ti\ccs2100\ccs\tools\compiler\ti-cgt-armllvm_5.1.1.LTS\lib\armv6m-ti-none-eabi\c\</path>
         <kind>archive</kind>
         <file>libc.a</file>
         <name>_lock.c.obj</name>
      </input_file>
      <input_file id="fl-3e">
         <path>C:\ti\ccs2100\ccs\tools\compiler\ti-cgt-armllvm_5.1.1.LTS\lib\armv6m-ti-none-eabi\c\</path>
         <kind>archive</kind>
         <file>libc.a</file>
         <name>assert.c.obj</name>
      </input_file>
      <input_file id="fl-3f">
         <path>C:\ti\ccs2100\ccs\tools\compiler\ti-cgt-armllvm_5.1.1.LTS\lib\armv6m-ti-none-eabi\c\</path>
         <kind>archive</kind>
         <file>libc.a</file>
         <name>defs.c.obj</name>
      </input_file>
      <input_file id="fl-40">
         <path>C:\ti\ccs2100\ccs\tools\compiler\ti-cgt-armllvm_5.1.1.LTS\lib\armv6m-ti-none-eabi\c\</path>
         <kind>archive</kind>
         <file>libc.a</file>
         <name>memory.c.obj</name>
      </input_file>
      <input_file id="fl-41">
         <path>C:\ti\ccs2100\ccs\tools\compiler\ti-cgt-armllvm_5.1.1.LTS\lib\armv6m-ti-none-eabi\c\</path>
         <kind>archive</kind>
         <file>libc.a</file>
         <name>boot_cortex_m.c.obj</name>
      </input_file>
      <input_file id="fl-42">
         <path>C:\ti\ccs2100\ccs\tools\compiler\ti-cgt-armllvm_5.1.1.LTS\lib\armv6m-ti-none-eabi\c\</path>
         <kind>archive</kind>
         <file>libc.a</file>
         <name>mathacl_init.c.obj</name>
      </input_file>
      <input_file id="fl-43">
         <path>C:\ti\ccs2100\ccs\tools\compiler\ti-cgt-armllvm_5.1.1.LTS\lib\armv6m-ti-none-eabi\c\</path>
         <kind>archive</kind>
         <file>libc.a</file>
         <name>autoinit.c.obj</name>
      </input_file>
      <input_file id="fl-44">
         <path>C:\ti\ccs2100\ccs\tools\compiler\ti-cgt-armllvm_5.1.1.LTS\lib\armv6m-ti-none-eabi\c\</path>
         <kind>archive</kind>
         <file>libc.a</file>
         <name>pre_init.c.obj</name>
      </input_file>
      <input_file id="fl-45">
         <path>C:\ti\ccs2100\ccs\tools\compiler\ti-cgt-armllvm_5.1.1.LTS\lib\armv6m-ti-none-eabi\c\</path>
         <kind>archive</kind>
         <file>libc.a</file>
         <name>cpy_tbl.c.obj</name>
      </input_file>
      <input_file id="fl-46">
         <path>C:\ti\ccs2100\ccs\tools\compiler\ti-cgt-armllvm_5.1.1.LTS\lib\armv6m-ti-none-eabi\c\</path>
         <kind>archive</kind>
         <file>libc.a</file>
         <name>copy_zero_init.c.obj</name>
      </input_file>
      <input_file id="fl-47">
         <path>C:\ti\ccs2100\ccs\tools\compiler\ti-cgt-armllvm_5.1.1.LTS\lib\armv6m-ti-none-eabi\c\</path>
         <kind>archive</kind>
         <file>libc.a</file>
         <name>copy_decompress_none.c.obj</name>
      </input_file>
      <input_file id="fl-48">
         <path>C:\ti\ccs2100\ccs\tools\compiler\ti-cgt-armllvm_5.1.1.LTS\lib\armv6m-ti-none-eabi\c\</path>
         <kind>archive</kind>
         <file>libc.a</file>
         <name>copy_decompress_lzss.c.obj</name>
      </input_file>
      <input_file id="fl-49">
         <path>C:\ti\ccs2100\ccs\tools\compiler\ti-cgt-armllvm_5.1.1.LTS\lib\armv6m-ti-none-eabi\c\</path>
         <kind>archive</kind>
         <file>libc.a</file>
         <name>sprintf.c.obj</name>
      </input_file>
      <input_file id="fl-4a">
         <path>C:\ti\ccs2100\ccs\tools\compiler\ti-cgt-armllvm_5.1.1.LTS\lib\armv6m-ti-none-eabi\c\</path>
         <kind>archive</kind>
         <file>libc.a</file>
         <name>fclose.c.obj</name>
      </input_file>
      <input_file id="fl-4b">
         <path>C:\ti\ccs2100\ccs\tools\compiler\ti-cgt-armllvm_5.1.1.LTS\lib\armv6m-ti-none-eabi\c\</path>
         <kind>archive</kind>
         <file>libc.a</file>
         <name>fflush.c.obj</name>
      </input_file>
      <input_file id="fl-4c">
         <path>C:\ti\ccs2100\ccs\tools\compiler\ti-cgt-armllvm_5.1.1.LTS\lib\armv6m-ti-none-eabi\c\</path>
         <kind>archive</kind>
         <file>libc.a</file>
         <name>fputs.c.obj</name>
      </input_file>
      <input_file id="fl-4d">
         <path>C:\ti\ccs2100\ccs\tools\compiler\ti-cgt-armllvm_5.1.1.LTS\lib\armv6m-ti-none-eabi\c\</path>
         <kind>archive</kind>
         <file>libc.a</file>
         <name>_io_perm.c.obj</name>
      </input_file>
      <input_file id="fl-4e">
         <path>C:\ti\ccs2100\ccs\tools\compiler\ti-cgt-armllvm_5.1.1.LTS\lib\armv6m-ti-none-eabi\c\</path>
         <kind>archive</kind>
         <file>libc.a</file>
         <name>args_main.c.obj</name>
      </input_file>
      <input_file id="fl-4f">
         <path>C:\ti\ccs2100\ccs\tools\compiler\ti-cgt-armllvm_5.1.1.LTS\lib\armv6m-ti-none-eabi\c\</path>
         <kind>archive</kind>
         <file>libc.a</file>
         <name>_printfi.c.obj</name>
      </input_file>
      <input_file id="fl-50">
         <path>C:\ti\ccs2100\ccs\tools\compiler\ti-cgt-armllvm_5.1.1.LTS\lib\armv6m-ti-none-eabi\c\</path>
         <kind>archive</kind>
         <file>libc.a</file>
         <name>fseek.c.obj</name>
      </input_file>
      <input_file id="fl-51">
         <path>C:\ti\ccs2100\ccs\tools\compiler\ti-cgt-armllvm_5.1.1.LTS\lib\armv6m-ti-none-eabi\c\</path>
         <kind>archive</kind>
         <file>libc.a</file>
         <name>_ltoa.c.obj</name>
      </input_file>
      <input_file id="fl-52">
         <path>C:\ti\ccs2100\ccs\tools\compiler\ti-cgt-armllvm_5.1.1.LTS\lib\armv6m-ti-none-eabi\c\</path>
         <kind>archive</kind>
         <file>libc.a</file>
         <name>atoi.c.obj</name>
      </input_file>
      <input_file id="fl-53">
         <path>C:\ti\ccs2100\ccs\tools\compiler\ti-cgt-armllvm_5.1.1.LTS\lib\armv6m-ti-none-eabi\c\</path>
         <kind>archive</kind>
         <file>libc.a</file>
         <name>memccpy.c.obj</name>
      </input_file>
      <input_file id="fl-54">
         <path>C:\ti\ccs2100\ccs\tools\compiler\ti-cgt-armllvm_5.1.1.LTS\lib\armv6m-ti-none-eabi\c\</path>
         <kind>archive</kind>
         <file>libc.a</file>
         <name>s_frexp.c.obj</name>
      </input_file>
      <input_file id="fl-55">
         <path>C:\ti\ccs2100\ccs\tools\compiler\ti-cgt-armllvm_5.1.1.LTS\lib\armv6m-ti-none-eabi\c\</path>
         <kind>archive</kind>
         <file>libc.a</file>
         <name>s_scalbn.c.obj</name>
      </input_file>
      <input_file id="fl-56">
         <path>C:\ti\ccs2100\ccs\tools\compiler\ti-cgt-armllvm_5.1.1.LTS\lib\armv6m-ti-none-eabi\c\</path>
         <kind>archive</kind>
         <file>libc.a</file>
         <name>wcslen.c.obj</name>
      </input_file>
      <input_file id="fl-57">
         <path>C:\ti\ccs2100\ccs\tools\compiler\ti-cgt-armllvm_5.1.1.LTS\lib\armv6m-ti-none-eabi\c\</path>
         <kind>archive</kind>
         <file>libc.a</file>
         <name>aeabi_ctype.S.obj</name>
      </input_file>
      <input_file id="fl-14b">
         <path>C:\ti\ccs2100\ccs\tools\compiler\ti-cgt-armllvm_5.1.1.LTS\lib\armv6m-ti-none-eabi\c\</path>
         <kind>archive</kind>
         <file>libsysbm.a</file>
         <name>hostexit.c.obj</name>
      </input_file>
      <input_file id="fl-14c">
         <path>C:\ti\ccs2100\ccs\tools\compiler\ti-cgt-armllvm_5.1.1.LTS\lib\armv6m-ti-none-eabi\c\</path>
         <kind>archive</kind>
         <file>libsysbm.a</file>
         <name>write.c.obj</name>
      </input_file>
      <input_file id="fl-14d">
         <path>C:\ti\ccs2100\ccs\tools\compiler\ti-cgt-armllvm_5.1.1.LTS\lib\armv6m-ti-none-eabi\c\</path>
         <kind>archive</kind>
         <file>libsysbm.a</file>
         <name>host_device.c.obj</name>
      </input_file>
      <input_file id="fl-14e">
         <path>C:\ti\ccs2100\ccs\tools\compiler\ti-cgt-armllvm_5.1.1.LTS\lib\armv6m-ti-none-eabi\c\</path>
         <kind>archive</kind>
         <file>libsysbm.a</file>
         <name>remove.c.obj</name>
      </input_file>
      <input_file id="fl-14f">
         <path>C:\ti\ccs2100\ccs\tools\compiler\ti-cgt-armllvm_5.1.1.LTS\lib\armv6m-ti-none-eabi\c\</path>
         <kind>archive</kind>
         <file>libsysbm.a</file>
         <name>open.c.obj</name>
      </input_file>
      <input_file id="fl-150">
         <path>C:\ti\ccs2100\ccs\tools\compiler\ti-cgt-armllvm_5.1.1.LTS\lib\armv6m-ti-none-eabi\c\</path>
         <kind>archive</kind>
         <file>libsysbm.a</file>
         <name>lseek.c.obj</name>
      </input_file>
      <input_file id="fl-151">
         <path>C:\ti\ccs2100\ccs\tools\compiler\ti-cgt-armllvm_5.1.1.LTS\lib\armv6m-ti-none-eabi\c\</path>
         <kind>archive</kind>
         <file>libsysbm.a</file>
         <name>close.c.obj</name>
      </input_file>
      <input_file id="fl-152">
         <path>C:\ti\ccs2100\ccs\tools\compiler\ti-cgt-armllvm_5.1.1.LTS\lib\armv6m-ti-none-eabi\c\</path>
         <kind>archive</kind>
         <file>libsysbm.a</file>
         <name>add_device.c.obj</name>
      </input_file>
      <input_file id="fl-153">
         <path>C:\ti\ccs2100\ccs\tools\compiler\ti-cgt-armllvm_5.1.1.LTS\lib\armv6m-ti-none-eabi\c\</path>
         <kind>archive</kind>
         <file>libsysbm.a</file>
         <name>unlink.c.obj</name>
      </input_file>
      <input_file id="fl-154">
         <path>C:\ti\ccs2100\ccs\tools\compiler\ti-cgt-armllvm_5.1.1.LTS\lib\armv6m-ti-none-eabi\c\</path>
         <kind>archive</kind>
         <file>libsysbm.a</file>
         <name>hostclose.c.obj</name>
      </input_file>
      <input_file id="fl-155">
         <path>C:\ti\ccs2100\ccs\tools\compiler\ti-cgt-armllvm_5.1.1.LTS\lib\armv6m-ti-none-eabi\c\</path>
         <kind>archive</kind>
         <file>libsysbm.a</file>
         <name>hostlseek.c.obj</name>
      </input_file>
      <input_file id="fl-156">
         <path>C:\ti\ccs2100\ccs\tools\compiler\ti-cgt-armllvm_5.1.1.LTS\lib\armv6m-ti-none-eabi\c\</path>
         <kind>archive</kind>
         <file>libsysbm.a</file>
         <name>hostopen.c.obj</name>
      </input_file>
      <input_file id="fl-157">
         <path>C:\ti\ccs2100\ccs\tools\compiler\ti-cgt-armllvm_5.1.1.LTS\lib\armv6m-ti-none-eabi\c\</path>
         <kind>archive</kind>
         <file>libsysbm.a</file>
         <name>hostread.c.obj</name>
      </input_file>
      <input_file id="fl-158">
         <path>C:\ti\ccs2100\ccs\tools\compiler\ti-cgt-armllvm_5.1.1.LTS\lib\armv6m-ti-none-eabi\c\</path>
         <kind>archive</kind>
         <file>libsysbm.a</file>
         <name>hostrename.c.obj</name>
      </input_file>
      <input_file id="fl-159">
         <path>C:\ti\ccs2100\ccs\tools\compiler\ti-cgt-armllvm_5.1.1.LTS\lib\armv6m-ti-none-eabi\c\</path>
         <kind>archive</kind>
         <file>libsysbm.a</file>
         <name>hostunlink.c.obj</name>
      </input_file>
      <input_file id="fl-15a">
         <path>C:\ti\ccs2100\ccs\tools\compiler\ti-cgt-armllvm_5.1.1.LTS\lib\armv6m-ti-none-eabi\c\</path>
         <kind>archive</kind>
         <file>libsysbm.a</file>
         <name>hostwrite.c.obj</name>
      </input_file>
      <input_file id="fl-15b">
         <path>C:\ti\ccs2100\ccs\tools\compiler\ti-cgt-armllvm_5.1.1.LTS\lib\armv6m-ti-none-eabi\c\</path>
         <kind>archive</kind>
         <file>libsysbm.a</file>
         <name>trgmsg.c.obj</name>
      </input_file>
      <input_file id="fl-15c">
         <path>C:\ti\ccs2100\ccs\tools\compiler\ti-cgt-armllvm_5.1.1.LTS\lib\armv6m-ti-none-eabi\</path>
         <kind>archive</kind>
         <file>libclang_rt.builtins.a</file>
         <name>adddf3.S.obj</name>
      </input_file>
      <input_file id="fl-15d">
         <path>C:\ti\ccs2100\ccs\tools\compiler\ti-cgt-armllvm_5.1.1.LTS\lib\armv6m-ti-none-eabi\</path>
         <kind>archive</kind>
         <file>libclang_rt.builtins.a</file>
         <name>fixdfsi.S.obj</name>
      </input_file>
      <input_file id="fl-15e">
         <path>C:\ti\ccs2100\ccs\tools\compiler\ti-cgt-armllvm_5.1.1.LTS\lib\armv6m-ti-none-eabi\</path>
         <kind>archive</kind>
         <file>libclang_rt.builtins.a</file>
         <name>floatsidf.S.obj</name>
      </input_file>
      <input_file id="fl-15f">
         <path>C:\ti\ccs2100\ccs\tools\compiler\ti-cgt-armllvm_5.1.1.LTS\lib\armv6m-ti-none-eabi\</path>
         <kind>archive</kind>
         <file>libclang_rt.builtins.a</file>
         <name>muldi3.S.obj</name>
      </input_file>
      <input_file id="fl-160">
         <path>C:\ti\ccs2100\ccs\tools\compiler\ti-cgt-armllvm_5.1.1.LTS\lib\armv6m-ti-none-eabi\</path>
         <kind>archive</kind>
         <file>libclang_rt.builtins.a</file>
         <name>comparedf2.c.obj</name>
      </input_file>
      <input_file id="fl-161">
         <path>C:\ti\ccs2100\ccs\tools\compiler\ti-cgt-armllvm_5.1.1.LTS\lib\armv6m-ti-none-eabi\</path>
         <kind>archive</kind>
         <file>libclang_rt.builtins.a</file>
         <name>aeabi_dcmp.S.obj</name>
      </input_file>
      <input_file id="fl-162">
         <path>C:\ti\ccs2100\ccs\tools\compiler\ti-cgt-armllvm_5.1.1.LTS\lib\armv6m-ti-none-eabi\</path>
         <kind>archive</kind>
         <file>libclang_rt.builtins.a</file>
         <name>aeabi_ddiv.c.obj</name>
      </input_file>
      <input_file id="fl-163">
         <path>C:\ti\ccs2100\ccs\tools\compiler\ti-cgt-armllvm_5.1.1.LTS\lib\armv6m-ti-none-eabi\</path>
         <kind>archive</kind>
         <file>libclang_rt.builtins.a</file>
         <name>aeabi_dmul.c.obj</name>
      </input_file>
      <input_file id="fl-164">
         <path>C:\ti\ccs2100\ccs\tools\compiler\ti-cgt-armllvm_5.1.1.LTS\lib\armv6m-ti-none-eabi\</path>
         <kind>archive</kind>
         <file>libclang_rt.builtins.a</file>
         <name>aeabi_idivmod.S.obj</name>
      </input_file>
      <input_file id="fl-165">
         <path>C:\ti\ccs2100\ccs\tools\compiler\ti-cgt-armllvm_5.1.1.LTS\lib\armv6m-ti-none-eabi\</path>
         <kind>archive</kind>
         <file>libclang_rt.builtins.a</file>
         <name>aeabi_uidivmod.S.obj</name>
      </input_file>
      <input_file id="fl-166">
         <path>C:\ti\ccs2100\ccs\tools\compiler\ti-cgt-armllvm_5.1.1.LTS\lib\armv6m-ti-none-eabi\</path>
         <kind>archive</kind>
         <file>libclang_rt.builtins.a</file>
         <name>aeabi_uldivmod.S.obj</name>
      </input_file>
      <input_file id="fl-167">
         <path>C:\ti\ccs2100\ccs\tools\compiler\ti-cgt-armllvm_5.1.1.LTS\lib\armv6m-ti-none-eabi\</path>
         <kind>archive</kind>
         <file>libclang_rt.builtins.a</file>
         <name>aeabi_memcpy.S.obj</name>
      </input_file>
      <input_file id="fl-168">
         <path>C:\ti\ccs2100\ccs\tools\compiler\ti-cgt-armllvm_5.1.1.LTS\lib\armv6m-ti-none-eabi\</path>
         <kind>archive</kind>
         <file>libclang_rt.builtins.a</file>
         <name>aeabi_memset.S.obj</name>
      </input_file>
      <input_file id="fl-169">
         <path>C:\ti\ccs2100\ccs\tools\compiler\ti-cgt-armllvm_5.1.1.LTS\lib\armv6m-ti-none-eabi\</path>
         <kind>archive</kind>
         <file>libclang_rt.builtins.a</file>
         <name>udivmoddi4.S.obj</name>
      </input_file>
      <input_file id="fl-16a">
         <path>C:\ti\ccs2100\ccs\tools\compiler\ti-cgt-armllvm_5.1.1.LTS\lib\armv6m-ti-none-eabi\</path>
         <kind>archive</kind>
         <file>libclang_rt.builtins.a</file>
         <name>muldf3.S.obj</name>
      </input_file>
      <input_file id="fl-16b">
         <path>C:\ti\ccs2100\ccs\tools\compiler\ti-cgt-armllvm_5.1.1.LTS\lib\armv6m-ti-none-eabi\</path>
         <kind>archive</kind>
         <file>libclang_rt.builtins.a</file>
         <name>muldsi3.S.obj</name>
      </input_file>
      <input_file id="fl-16c">
         <path>C:\ti\ccs2100\ccs\tools\compiler\ti-cgt-armllvm_5.1.1.LTS\lib\armv6m-ti-none-eabi\</path>
         <kind>archive</kind>
         <file>libclang_rt.builtins.a</file>
         <name>ashldi3.S.obj</name>
      </input_file>
      <input_file id="fl-16d">
         <path>C:\ti\ccs2100\ccs\tools\compiler\ti-cgt-armllvm_5.1.1.LTS\lib\armv6m-ti-none-eabi\</path>
         <kind>archive</kind>
         <file>libclang_rt.builtins.a</file>
         <name>divdf3.S.obj</name>
      </input_file>
      <input_file id="fl-16e">
         <path>C:\ti\ccs2100\ccs\tools\compiler\ti-cgt-armllvm_5.1.1.LTS\lib\armv6m-ti-none-eabi\</path>
         <kind>archive</kind>
         <file>libclang_rt.builtins.a</file>
         <name>aeabi_div0.c.obj</name>
      </input_file>
      <input_file id="fl-16f">
         <path>C:\ti\ccs2100\ccs\tools\compiler\ti-cgt-armllvm_5.1.1.LTS\lib\armv6m-ti-none-eabi\c\</path>
         <kind>archive</kind>
         <file>libc.a</file>
         <name>divdf3_fast.c.obj</name>
      </input_file>
      <input_file id="fl-170">
         <path>C:\ti\ccs2100\ccs\tools\compiler\ti-cgt-armllvm_5.1.1.LTS\lib\armv6m-ti-none-eabi\c\</path>
         <kind>archive</kind>
         <file>libc.a</file>
         <name>muldf3_fast.c.obj</name>
      </input_file>
      <input_file id="fl-171">
         <path>C:\ti\ccs2100\ccs\tools\compiler\ti-cgt-armllvm_5.1.1.LTS\lib\armv6m-ti-none-eabi\c\</path>
         <kind>archive</kind>
         <file>libc.a</file>
         <name>getdevice.c.obj</name>
      </input_file>
      <input_file id="fl-172">
         <path>C:\ti\ccs2100\ccs\tools\compiler\ti-cgt-armllvm_5.1.1.LTS\lib\armv6m-ti-none-eabi\c\</path>
         <kind>archive</kind>
         <file>libc.a</file>
         <name>memcpy16.S.obj</name>
      </input_file>
      <input_file id="fl-173">
         <path>C:\ti\ccs2100\ccs\tools\compiler\ti-cgt-armllvm_5.1.1.LTS\lib\armv6m-ti-none-eabi\c\</path>
         <kind>archive</kind>
         <file>libc.a</file>
         <name>memset16.S.obj</name>
      </input_file>
      <input_file id="fl-174">
         <path>C:\ti\ccs2100\ccs\tools\compiler\ti-cgt-armllvm_5.1.1.LTS\lib\armv6m-ti-none-eabi\c\</path>
         <kind>archive</kind>
         <file>libc.a</file>
         <name>strcmp-armv6m.S.obj</name>
      </input_file>
   </input_file_list>
   <object_component_list>
      <object_component id="oc-18">
         <name>.intvecs</name>
         <load_address>0x0</load_address>
         <readonly>true</readonly>
         <run_address>0x0</run_address>
         <size>0xc0</size>
         <alignment>0x4</alignment>
         <input_file_ref idref="fl-10"/>
      </object_component>
      <object_component id="oc-aa">
         <name>.text.main</name>
         <load_address>0x7730</load_address>
         <readonly>true</readonly>
         <executable>true</executable>
         <run_address>0x7730</run_address>
         <size>0x2e0</size>
         <alignment>0x4</alignment>
         <input_file_ref idref="fl-6"/>
      </object_component>
      <object_component id="oc-41">
         <name>.text.TIMG12_IRQHandler</name>
         <load_address>0x7a10</load_address>
         <readonly>true</readonly>
         <executable>true</executable>
         <run_address>0x7a10</run_address>
         <size>0x26c</size>
         <alignment>0x4</alignment>
         <input_file_ref idref="fl-6"/>
      </object_component>
      <object_component id="oc-eb">
         <name>.text.ST7735_DrawBitmap</name>
         <load_address>0x7c7c</load_address>
         <readonly>true</readonly>
         <executable>true</executable>
         <run_address>0x7c7c</run_address>
         <size>0x210</size>
         <alignment>0x4</alignment>
         <input_file_ref idref="fl-9"/>
      </object_component>
      <object_component id="oc-d4">
         <name>.text.Clock_Init80MHz</name>
         <load_address>0x7e8c</load_address>
         <readonly>true</readonly>
         <executable>true</executable>
         <run_address>0x7e8c</run_address>
         <size>0x1b4</size>
         <alignment>0x4</alignment>
         <input_file_ref idref="fl-3"/>
      </object_component>
      <object_component id="oc-13d">
         <name>.text.ST7735_DrawChar</name>
         <load_address>0x8040</load_address>
         <readonly>true</readonly>
         <executable>true</executable>
         <run_address>0x8040</run_address>
         <size>0x1a8</size>
         <alignment>0x4</alignment>
         <input_file_ref idref="fl-9"/>
      </object_component>
      <object_component id="oc-b9">
         <name>.text.ST7735_FillRect</name>
         <load_address>0x81e8</load_address>
         <readonly>true</readonly>
         <executable>true</executable>
         <run_address>0x81e8</run_address>
         <size>0x118</size>
         <alignment>0x4</alignment>
         <input_file_ref idref="fl-9"/>
      </object_component>
      <object_component id="oc-e0">
         <name>.text.ADC1_Init</name>
         <load_address>0x8300</load_address>
         <readonly>true</readonly>
         <executable>true</executable>
         <run_address>0x8300</run_address>
         <size>0xfc</size>
         <alignment>0x4</alignment>
         <input_file_ref idref="fl-1"/>
      </object_component>
      <object_component id="oc-15a">
         <name>.text.SPI_Init</name>
         <load_address>0x83fc</load_address>
         <readonly>true</readonly>
         <executable>true</executable>
         <run_address>0x83fc</run_address>
         <size>0xf8</size>
         <alignment>0x4</alignment>
         <input_file_ref idref="fl-8"/>
      </object_component>
      <object_component id="oc-e1">
         <name>.text.ADC0_Init</name>
         <load_address>0x84f4</load_address>
         <readonly>true</readonly>
         <executable>true</executable>
         <run_address>0x84f4</run_address>
         <size>0xf4</size>
         <alignment>0x4</alignment>
         <input_file_ref idref="fl-1"/>
      </object_component>
      <object_component id="oc-df">
         <name>.text.ST7735_SetRotation</name>
         <load_address>0x85e8</load_address>
         <readonly>true</readonly>
         <executable>true</executable>
         <run_address>0x85e8</run_address>
         <size>0xf4</size>
         <alignment>0x4</alignment>
         <input_file_ref idref="fl-9"/>
      </object_component>
      <object_component id="oc-13a">
         <name>.text.ST7735_OutChar</name>
         <load_address>0x86dc</load_address>
         <readonly>true</readonly>
         <executable>true</executable>
         <run_address>0x86dc</run_address>
         <size>0xd0</size>
         <alignment>0x4</alignment>
         <input_file_ref idref="fl-9"/>
      </object_component>
      <object_component id="oc-85">
         <name>.text.ST7735_DrawFastHLine</name>
         <load_address>0x87ac</load_address>
         <readonly>true</readonly>
         <executable>true</executable>
         <run_address>0x87ac</run_address>
         <size>0xb0</size>
         <alignment>0x4</alignment>
         <input_file_ref idref="fl-9"/>
      </object_component>
      <object_component id="oc-12b">
         <name>.text.commandList</name>
         <load_address>0x885c</load_address>
         <readonly>true</readonly>
         <executable>true</executable>
         <run_address>0x885c</run_address>
         <size>0xa2</size>
         <alignment>0x2</alignment>
         <input_file_ref idref="fl-9"/>
      </object_component>
      <object_component id="oc-170">
         <name>.text.__aeabi_idiv0</name>
         <load_address>0x88fe</load_address>
         <readonly>true</readonly>
         <executable>true</executable>
         <run_address>0x88fe</run_address>
         <size>0x2</size>
         <alignment>0x2</alignment>
         <input_file_ref idref="fl-16e"/>
      </object_component>
      <object_component id="oc-de">
         <name>.text.ST7735_InitR</name>
         <load_address>0x8900</load_address>
         <readonly>true</readonly>
         <executable>true</executable>
         <run_address>0x8900</run_address>
         <size>0x98</size>
         <alignment>0x4</alignment>
         <input_file_ref idref="fl-9"/>
      </object_component>
      <object_component id="oc-e4">
         <name>.text.TimerG12_IntArm</name>
         <load_address>0x8998</load_address>
         <readonly>true</readonly>
         <executable>true</executable>
         <run_address>0x8998</run_address>
         <size>0x94</size>
         <alignment>0x4</alignment>
         <input_file_ref idref="fl-e"/>
      </object_component>
      <object_component id="oc-be">
         <name>.text.setAddrWindow</name>
         <load_address>0x8a2c</load_address>
         <readonly>true</readonly>
         <executable>true</executable>
         <run_address>0x8a2c</run_address>
         <size>0x88</size>
         <alignment>0x4</alignment>
         <input_file_ref idref="fl-9"/>
      </object_component>
      <object_component id="oc-13c">
         <name>.text.ST7735_DrawString</name>
         <load_address>0x8ab4</load_address>
         <readonly>true</readonly>
         <executable>true</executable>
         <run_address>0x8ab4</run_address>
         <size>0x84</size>
         <alignment>0x2</alignment>
         <input_file_ref idref="fl-9"/>
      </object_component>
      <object_component id="oc-ec">
         <name>.text.ST7735_OutUDec</name>
         <load_address>0x8b38</load_address>
         <readonly>true</readonly>
         <executable>true</executable>
         <run_address>0x8b38</run_address>
         <size>0x84</size>
         <alignment>0x4</alignment>
         <input_file_ref idref="fl-9"/>
      </object_component>
      <object_component id="oc-d9">
         <name>.text.LaunchPad_Init</name>
         <load_address>0x8bbc</load_address>
         <readonly>true</readonly>
         <executable>true</executable>
         <run_address>0x8bbc</run_address>
         <size>0x7c</size>
         <alignment>0x4</alignment>
         <input_file_ref idref="fl-7"/>
      </object_component>
      <object_component id="oc-1c">
         <name>.text:decompress:lzss</name>
         <load_address>0x8c38</load_address>
         <readonly>true</readonly>
         <executable>true</executable>
         <run_address>0x8c38</run_address>
         <size>0x7c</size>
         <alignment>0x4</alignment>
         <input_file_ref idref="fl-48"/>
      </object_component>
      <object_component id="oc-13b">
         <name>.text.fillmessage</name>
         <load_address>0x8cb4</load_address>
         <readonly>true</readonly>
         <executable>true</executable>
         <run_address>0x8cb4</run_address>
         <size>0x54</size>
         <alignment>0x4</alignment>
         <input_file_ref idref="fl-9"/>
      </object_component>
      <object_component id="oc-118">
         <name>.text.SPI_OutCommand</name>
         <load_address>0x8d08</load_address>
         <readonly>true</readonly>
         <executable>true</executable>
         <run_address>0x8d08</run_address>
         <size>0x48</size>
         <alignment>0x4</alignment>
         <input_file_ref idref="fl-8"/>
      </object_component>
      <object_component id="oc-8c">
         <name>.text.ADC0_In</name>
         <load_address>0x8d50</load_address>
         <readonly>true</readonly>
         <executable>true</executable>
         <run_address>0x8d50</run_address>
         <size>0x44</size>
         <alignment>0x4</alignment>
         <input_file_ref idref="fl-1"/>
      </object_component>
      <object_component id="oc-86">
         <name>.text.ADC1_In</name>
         <load_address>0x8d94</load_address>
         <readonly>true</readonly>
         <executable>true</executable>
         <run_address>0x8d94</run_address>
         <size>0x44</size>
         <alignment>0x4</alignment>
         <input_file_ref idref="fl-1"/>
      </object_component>
      <object_component id="oc-135">
         <name>.text.SysTick_IntArm</name>
         <load_address>0x8dd8</load_address>
         <readonly>true</readonly>
         <executable>true</executable>
         <run_address>0x8dd8</run_address>
         <size>0x44</size>
         <alignment>0x4</alignment>
         <input_file_ref idref="fl-b"/>
      </object_component>
      <object_component id="oc-16f">
         <name>.text.SPI_Reset</name>
         <load_address>0x8e1c</load_address>
         <readonly>true</readonly>
         <executable>true</executable>
         <run_address>0x8e1c</run_address>
         <size>0x40</size>
         <alignment>0x4</alignment>
         <input_file_ref idref="fl-8"/>
      </object_component>
      <object_component id="oc-3c">
         <name>.text.TIMG7_IRQHandler</name>
         <load_address>0x8e5c</load_address>
         <readonly>true</readonly>
         <executable>true</executable>
         <run_address>0x8e5c</run_address>
         <size>0x40</size>
         <alignment>0x4</alignment>
         <input_file_ref idref="fl-d"/>
      </object_component>
      <object_component id="oc-15d">
         <name>.text</name>
         <load_address>0x8e9c</load_address>
         <readonly>true</readonly>
         <executable>true</executable>
         <run_address>0x8e9c</run_address>
         <size>0x40</size>
         <alignment>0x4</alignment>
         <input_file_ref idref="fl-165"/>
      </object_component>
      <object_component id="oc-134">
         <name>.text.DAC5_Init</name>
         <load_address>0x8edc</load_address>
         <readonly>true</readonly>
         <executable>true</executable>
         <run_address>0x8edc</run_address>
         <size>0x3c</size>
         <alignment>0x4</alignment>
         <input_file_ref idref="fl-4"/>
      </object_component>
      <object_component id="oc-106">
         <name>.text:__TI_auto_init_nobinit_nopinit</name>
         <load_address>0x8f18</load_address>
         <readonly>true</readonly>
         <executable>true</executable>
         <run_address>0x8f18</run_address>
         <size>0x3c</size>
         <alignment>0x4</alignment>
         <input_file_ref idref="fl-43"/>
      </object_component>
      <object_component id="oc-127">
         <name>.text.ActivatePortA_B</name>
         <load_address>0x8f54</load_address>
         <readonly>true</readonly>
         <executable>true</executable>
         <run_address>0x8f54</run_address>
         <size>0x38</size>
         <alignment>0x4</alignment>
         <input_file_ref idref="fl-7"/>
      </object_component>
      <object_component id="oc-bf">
         <name>.text.SPI_OutData</name>
         <load_address>0x8f8c</load_address>
         <readonly>true</readonly>
         <executable>true</executable>
         <run_address>0x8f8c</run_address>
         <size>0x38</size>
         <alignment>0x4</alignment>
         <input_file_ref idref="fl-8"/>
      </object_component>
      <object_component id="oc-37">
         <name>.text.SysTick_Handler</name>
         <load_address>0x8fc4</load_address>
         <readonly>true</readonly>
         <executable>true</executable>
         <run_address>0x8fc4</run_address>
         <size>0x38</size>
         <alignment>0x4</alignment>
         <input_file_ref idref="fl-b"/>
      </object_component>
      <object_component id="oc-15b">
         <name>.text.Clock_Delay1ms</name>
         <load_address>0x8ffc</load_address>
         <readonly>true</readonly>
         <executable>true</executable>
         <run_address>0x8ffc</run_address>
         <size>0x34</size>
         <alignment>0x4</alignment>
         <input_file_ref idref="fl-3"/>
      </object_component>
      <object_component id="oc-e9">
         <name>.text.ST7735_SetCursor</name>
         <load_address>0x9030</load_address>
         <readonly>true</readonly>
         <executable>true</executable>
         <run_address>0x9030</run_address>
         <size>0x34</size>
         <alignment>0x4</alignment>
         <input_file_ref idref="fl-9"/>
      </object_component>
      <object_component id="oc-12a">
         <name>.text.commonInit</name>
         <load_address>0x9064</load_address>
         <readonly>true</readonly>
         <executable>true</executable>
         <run_address>0x9064</run_address>
         <size>0x30</size>
         <alignment>0x4</alignment>
         <input_file_ref idref="fl-9"/>
      </object_component>
      <object_component id="oc-80">
         <name>.text.ST7735_FillScreen</name>
         <load_address>0x9094</load_address>
         <readonly>true</readonly>
         <executable>true</executable>
         <run_address>0x9094</run_address>
         <size>0x2c</size>
         <alignment>0x4</alignment>
         <input_file_ref idref="fl-9"/>
      </object_component>
      <object_component id="oc-61">
         <name>.text:_c_int00_noargs</name>
         <load_address>0x90c0</load_address>
         <readonly>true</readonly>
         <executable>true</executable>
         <run_address>0x90c0</run_address>
         <size>0x28</size>
         <alignment>0x4</alignment>
         <input_file_ref idref="fl-41"/>
      </object_component>
      <object_component id="oc-ea">
         <name>.text.ST7735_OutString</name>
         <load_address>0x90e8</load_address>
         <readonly>true</readonly>
         <executable>true</executable>
         <run_address>0x90e8</run_address>
         <size>0x26</size>
         <alignment>0x2</alignment>
         <input_file_ref idref="fl-9"/>
      </object_component>
      <object_component id="oc-c6">
         <name>.text.Sound_Start</name>
         <load_address>0x9110</load_address>
         <readonly>true</readonly>
         <executable>true</executable>
         <run_address>0x9110</run_address>
         <size>0x24</size>
         <alignment>0x4</alignment>
         <input_file_ref idref="fl-b"/>
      </object_component>
      <object_component id="oc-6d">
         <name>.text.DAC5_Out</name>
         <load_address>0x9134</load_address>
         <readonly>true</readonly>
         <executable>true</executable>
         <run_address>0x9134</run_address>
         <size>0x20</size>
         <alignment>0x4</alignment>
         <input_file_ref idref="fl-4"/>
      </object_component>
      <object_component id="oc-7f">
         <name>.text.Pong_Reset_Ball</name>
         <load_address>0x9154</load_address>
         <readonly>true</readonly>
         <executable>true</executable>
         <run_address>0x9154</run_address>
         <size>0x20</size>
         <alignment>0x4</alignment>
         <input_file_ref idref="fl-6"/>
      </object_component>
      <object_component id="oc-161">
         <name>.text.pushColor</name>
         <load_address>0x9174</load_address>
         <readonly>true</readonly>
         <executable>true</executable>
         <run_address>0x9174</run_address>
         <size>0x1e</size>
         <alignment>0x2</alignment>
         <input_file_ref idref="fl-9"/>
      </object_component>
      <object_component id="oc-35">
         <name>.text.Default_Handler</name>
         <load_address>0x9194</load_address>
         <readonly>true</readonly>
         <executable>true</executable>
         <run_address>0x9194</run_address>
         <size>0x1c</size>
         <alignment>0x4</alignment>
         <input_file_ref idref="fl-10"/>
      </object_component>
      <object_component id="oc-36">
         <name>.text.HardFault_Handler</name>
         <load_address>0x91b0</load_address>
         <readonly>true</readonly>
         <executable>true</executable>
         <run_address>0x91b0</run_address>
         <size>0x1c</size>
         <alignment>0x4</alignment>
         <input_file_ref idref="fl-10"/>
      </object_component>
      <object_component id="oc-7a">
         <name>.text.Switch_In</name>
         <load_address>0x91cc</load_address>
         <readonly>true</readonly>
         <executable>true</executable>
         <run_address>0x91cc</run_address>
         <size>0x18</size>
         <alignment>0x4</alignment>
         <input_file_ref idref="fl-c"/>
      </object_component>
      <object_component id="oc-e2">
         <name>.text.Switch_Init</name>
         <load_address>0x91e4</load_address>
         <readonly>true</readonly>
         <executable>true</executable>
         <run_address>0x91e4</run_address>
         <size>0x18</size>
         <alignment>0x4</alignment>
         <input_file_ref idref="fl-c"/>
      </object_component>
      <object_component id="oc-58">
         <name>.text:decompress:ZI:__TI_zero_init_nomemset</name>
         <load_address>0x91fc</load_address>
         <readonly>true</readonly>
         <executable>true</executable>
         <run_address>0x91fc</run_address>
         <size>0x16</size>
         <alignment>0x2</alignment>
         <input_file_ref idref="fl-46"/>
      </object_component>
      <object_component id="oc-8d">
         <name>.text.Sound_Hit</name>
         <load_address>0x9214</load_address>
         <readonly>true</readonly>
         <executable>true</executable>
         <run_address>0x9214</run_address>
         <size>0x14</size>
         <alignment>0x4</alignment>
         <input_file_ref idref="fl-b"/>
      </object_component>
      <object_component id="oc-e3">
         <name>.text.Sound_Init</name>
         <load_address>0x9228</load_address>
         <readonly>true</readonly>
         <executable>true</executable>
         <run_address>0x9228</run_address>
         <size>0x14</size>
         <alignment>0x4</alignment>
         <input_file_ref idref="fl-b"/>
      </object_component>
      <object_component id="oc-8e">
         <name>.text.Sound_Paddle</name>
         <load_address>0x923c</load_address>
         <readonly>true</readonly>
         <executable>true</executable>
         <run_address>0x923c</run_address>
         <size>0x14</size>
         <alignment>0x4</alignment>
         <input_file_ref idref="fl-b"/>
      </object_component>
      <object_component id="oc-8f">
         <name>.text.Sound_Win</name>
         <load_address>0x9250</load_address>
         <readonly>true</readonly>
         <executable>true</executable>
         <run_address>0x9250</run_address>
         <size>0x14</size>
         <alignment>0x4</alignment>
         <input_file_ref idref="fl-b"/>
      </object_component>
      <object_component id="oc-8b">
         <name>.text.Pong_Convert</name>
         <load_address>0x9264</load_address>
         <readonly>true</readonly>
         <executable>true</executable>
         <run_address>0x9264</run_address>
         <size>0x12</size>
         <alignment>0x2</alignment>
         <input_file_ref idref="fl-6"/>
      </object_component>
      <object_component id="oc-ca">
         <name>.text:TI_memcpy_small</name>
         <load_address>0x9276</load_address>
         <readonly>true</readonly>
         <executable>true</executable>
         <run_address>0x9276</run_address>
         <size>0x12</size>
         <alignment>0x1</alignment>
         <input_file_ref idref="fl-172"/>
      </object_component>
      <object_component id="oc-20">
         <name>.text:decompress:none</name>
         <load_address>0x9288</load_address>
         <readonly>true</readonly>
         <executable>true</executable>
         <run_address>0x9288</run_address>
         <size>0x12</size>
         <alignment>0x2</alignment>
         <input_file_ref idref="fl-47"/>
      </object_component>
      <object_component id="oc-133">
         <name>.text.Clock_Delay</name>
         <load_address>0x929a</load_address>
         <readonly>true</readonly>
         <executable>true</executable>
         <run_address>0x929a</run_address>
         <size>0x10</size>
         <alignment>0x2</alignment>
         <input_file_ref idref="fl-3"/>
      </object_component>
      <object_component id="oc-159">
         <name>.text.Delay</name>
         <load_address>0x92aa</load_address>
         <readonly>true</readonly>
         <executable>true</executable>
         <run_address>0x92aa</run_address>
         <size>0x10</size>
         <alignment>0x2</alignment>
         <input_file_ref idref="fl-7"/>
      </object_component>
      <object_component id="oc-16e">
         <name>.text.Clock_Freq</name>
         <load_address>0x92bc</load_address>
         <readonly>true</readonly>
         <executable>true</executable>
         <run_address>0x92bc</run_address>
         <size>0xc</size>
         <alignment>0x4</alignment>
         <input_file_ref idref="fl-3"/>
      </object_component>
      <object_component id="oc-51">
         <name>.text</name>
         <load_address>0x92c8</load_address>
         <readonly>true</readonly>
         <executable>true</executable>
         <run_address>0x92c8</run_address>
         <size>0x8</size>
         <alignment>0x4</alignment>
         <input_file_ref idref="fl-167"/>
      </object_component>
      <object_component id="oc-ff">
         <name>.text:abort</name>
         <load_address>0x92d0</load_address>
         <readonly>true</readonly>
         <executable>true</executable>
         <run_address>0x92d0</run_address>
         <size>0x6</size>
         <alignment>0x2</alignment>
         <input_file_ref idref="fl-3c"/>
      </object_component>
      <object_component id="oc-148">
         <name>.text.HOSTexit</name>
         <load_address>0x92d6</load_address>
         <readonly>true</readonly>
         <executable>true</executable>
         <run_address>0x92d6</run_address>
         <size>0x4</size>
         <alignment>0x2</alignment>
         <input_file_ref idref="fl-14b"/>
      </object_component>
      <object_component id="oc-31">
         <name>.text.Reset_Handler</name>
         <load_address>0x92da</load_address>
         <readonly>true</readonly>
         <executable>true</executable>
         <run_address>0x92da</run_address>
         <size>0x4</size>
         <alignment>0x2</alignment>
         <input_file_ref idref="fl-10"/>
      </object_component>
      <object_component id="oc-a6">
         <name>.text._system_pre_init</name>
         <load_address>0x92de</load_address>
         <readonly>true</readonly>
         <executable>true</executable>
         <run_address>0x92de</run_address>
         <size>0x4</size>
         <alignment>0x2</alignment>
         <input_file_ref idref="fl-44"/>
      </object_component>
      <object_component id="oc-1ba">
         <name>.cinit..data.load</name>
         <load_address>0x92e8</load_address>
         <readonly>true</readonly>
         <run_address>0x92e8</run_address>
         <size>0x4a</size>
         <alignment>0x1</alignment>
      </object_component>
      <object_component id="oc-1b8">
         <name>__TI_handler_table</name>
         <load_address>0x9334</load_address>
         <readonly>true</readonly>
         <run_address>0x9334</run_address>
         <size>0xc</size>
         <alignment>0x4</alignment>
      </object_component>
      <object_component id="oc-1bb">
         <name>.cinit..bss.load</name>
         <load_address>0x9340</load_address>
         <readonly>true</readonly>
         <run_address>0x9340</run_address>
         <size>0x8</size>
         <alignment>0x4</alignment>
      </object_component>
      <object_component id="oc-1b9">
         <name>__TI_cinit_table</name>
         <load_address>0x9348</load_address>
         <readonly>true</readonly>
         <run_address>0x9348</run_address>
         <size>0x10</size>
         <alignment>0x4</alignment>
      </object_component>
      <object_component id="oc-c9">
         <name>.rodata.win</name>
         <load_address>0xc0</load_address>
         <readonly>true</readonly>
         <run_address>0xc0</run_address>
         <size>0x57c0</size>
         <alignment>0x1</alignment>
         <input_file_ref idref="fl-b"/>
      </object_component>
      <object_component id="oc-c8">
         <name>.rodata.paddleSound</name>
         <load_address>0x5880</load_address>
         <readonly>true</readonly>
         <run_address>0x5880</run_address>
         <size>0xeac</size>
         <alignment>0x1</alignment>
         <input_file_ref idref="fl-b"/>
      </object_component>
      <object_component id="oc-c7">
         <name>.rodata.hitSound</name>
         <load_address>0x672c</load_address>
         <readonly>true</readonly>
         <run_address>0x672c</run_address>
         <size>0x6cc</size>
         <alignment>0x1</alignment>
         <input_file_ref idref="fl-b"/>
      </object_component>
      <object_component id="oc-162">
         <name>.rodata.Font</name>
         <load_address>0x6df8</load_address>
         <readonly>true</readonly>
         <run_address>0x6df8</run_address>
         <size>0x4fb</size>
         <alignment>0x1</alignment>
         <input_file_ref idref="fl-9"/>
      </object_component>
      <object_component id="oc-f7">
         <name>.rodata.playerrect1</name>
         <load_address>0x72f4</load_address>
         <readonly>true</readonly>
         <run_address>0x72f4</run_address>
         <size>0x12c</size>
         <alignment>0x2</alignment>
         <input_file_ref idref="fl-6"/>
      </object_component>
      <object_component id="oc-f8">
         <name>.rodata.playerrect2</name>
         <load_address>0x7420</load_address>
         <readonly>true</readonly>
         <run_address>0x7420</run_address>
         <size>0x12c</size>
         <alignment>0x2</alignment>
         <input_file_ref idref="fl-6"/>
      </object_component>
      <object_component id="oc-f9">
         <name>.rodata.ball</name>
         <load_address>0x754c</load_address>
         <readonly>true</readonly>
         <run_address>0x754c</run_address>
         <size>0xc8</size>
         <alignment>0x2</alignment>
         <input_file_ref idref="fl-6"/>
      </object_component>
      <object_component id="oc-12c">
         <name>.rodata.Rcmd1</name>
         <load_address>0x7614</load_address>
         <readonly>true</readonly>
         <run_address>0x7614</run_address>
         <size>0x3b</size>
         <alignment>0x1</alignment>
         <input_file_ref idref="fl-9"/>
      </object_component>
      <object_component id="oc-12f">
         <name>.rodata.Rcmd3</name>
         <load_address>0x764f</load_address>
         <readonly>true</readonly>
         <run_address>0x764f</run_address>
         <size>0x2b</size>
         <alignment>0x1</alignment>
         <input_file_ref idref="fl-9"/>
      </object_component>
      <object_component id="oc-15c">
         <name>.rodata.str1.2132471336006292093.1</name>
         <load_address>0x767a</load_address>
         <readonly>true</readonly>
         <run_address>0x767a</run_address>
         <size>0x16</size>
         <alignment>0x1</alignment>
         <input_file_ref idref="fl-9"/>
      </object_component>
      <object_component id="oc-f0">
         <name>.rodata.str1.17805729293612134331.1</name>
         <load_address>0x7690</load_address>
         <readonly>true</readonly>
         <run_address>0x7690</run_address>
         <size>0x13</size>
         <alignment>0x1</alignment>
         <input_file_ref idref="fl-6"/>
      </object_component>
      <object_component id="oc-fe">
         <name>.rodata.str1.974537855998307409.1</name>
         <load_address>0x76a3</load_address>
         <readonly>true</readonly>
         <run_address>0x76a3</run_address>
         <size>0x13</size>
         <alignment>0x1</alignment>
         <input_file_ref idref="fl-6"/>
      </object_component>
      <object_component id="oc-fb">
         <name>.rodata.str1.15386688721719582736.1</name>
         <load_address>0x76b6</load_address>
         <readonly>true</readonly>
         <run_address>0x76b6</run_address>
         <size>0x12</size>
         <alignment>0x1</alignment>
         <input_file_ref idref="fl-6"/>
      </object_component>
      <object_component id="oc-12e">
         <name>.rodata.Rcmd2green</name>
         <load_address>0x76c8</load_address>
         <readonly>true</readonly>
         <run_address>0x76c8</run_address>
         <size>0xd</size>
         <alignment>0x1</alignment>
         <input_file_ref idref="fl-9"/>
      </object_component>
      <object_component id="oc-12d">
         <name>.rodata.Rcmd2red</name>
         <load_address>0x76d5</load_address>
         <readonly>true</readonly>
         <run_address>0x76d5</run_address>
         <size>0xd</size>
         <alignment>0x1</alignment>
         <input_file_ref idref="fl-9"/>
      </object_component>
      <object_component id="oc-147">
         <name>.rodata.str1.10956894381941128373.1</name>
         <load_address>0x76e2</load_address>
         <readonly>true</readonly>
         <run_address>0x76e2</run_address>
         <size>0x8</size>
         <alignment>0x1</alignment>
         <input_file_ref idref="fl-6"/>
      </object_component>
      <object_component id="oc-144">
         <name>.rodata.str1.1625247709523239184.1</name>
         <load_address>0x76ea</load_address>
         <readonly>true</readonly>
         <run_address>0x76ea</run_address>
         <size>0x8</size>
         <alignment>0x1</alignment>
         <input_file_ref idref="fl-6"/>
      </object_component>
      <object_component id="oc-146">
         <name>.rodata.str1.3203466171103674007.1</name>
         <load_address>0x76f2</load_address>
         <readonly>true</readonly>
         <run_address>0x76f2</run_address>
         <size>0x8</size>
         <alignment>0x1</alignment>
         <input_file_ref idref="fl-6"/>
      </object_component>
      <object_component id="oc-145">
         <name>.rodata.str1.6746653453011467403.1</name>
         <load_address>0x76fa</load_address>
         <readonly>true</readonly>
         <run_address>0x76fa</run_address>
         <size>0x8</size>
         <alignment>0x1</alignment>
         <input_file_ref idref="fl-6"/>
      </object_component>
      <object_component id="oc-fa">
         <name>.rodata.str1.9100383622462280700.1</name>
         <load_address>0x7702</load_address>
         <readonly>true</readonly>
         <run_address>0x7702</run_address>
         <size>0x8</size>
         <alignment>0x1</alignment>
         <input_file_ref idref="fl-6"/>
      </object_component>
      <object_component id="oc-f1">
         <name>.rodata.str1.10759225207695935619.1</name>
         <load_address>0x770a</load_address>
         <readonly>true</readonly>
         <run_address>0x770a</run_address>
         <size>0x7</size>
         <alignment>0x1</alignment>
         <input_file_ref idref="fl-6"/>
      </object_component>
      <object_component id="oc-f2">
         <name>.rodata.str1.6501096395146260577.1</name>
         <load_address>0x7711</load_address>
         <readonly>true</readonly>
         <run_address>0x7711</run_address>
         <size>0x7</size>
         <alignment>0x1</alignment>
         <input_file_ref idref="fl-6"/>
      </object_component>
      <object_component id="oc-143">
         <name>.rodata.str1.13257645979971916210.1</name>
         <load_address>0x7718</load_address>
         <readonly>true</readonly>
         <run_address>0x7718</run_address>
         <size>0x4</size>
         <alignment>0x1</alignment>
         <input_file_ref idref="fl-6"/>
      </object_component>
      <object_component id="oc-140">
         <name>.rodata.str1.15954068218775356138.1</name>
         <load_address>0x771c</load_address>
         <readonly>true</readonly>
         <run_address>0x771c</run_address>
         <size>0x4</size>
         <alignment>0x1</alignment>
         <input_file_ref idref="fl-6"/>
      </object_component>
      <object_component id="oc-142">
         <name>.rodata.str1.2523468298586745346.1</name>
         <load_address>0x7720</load_address>
         <readonly>true</readonly>
         <run_address>0x7720</run_address>
         <size>0x4</size>
         <alignment>0x1</alignment>
         <input_file_ref idref="fl-6"/>
      </object_component>
      <object_component id="oc-fd">
         <name>.rodata.str1.43339505607666449.1</name>
         <load_address>0x7724</load_address>
         <readonly>true</readonly>
         <run_address>0x7724</run_address>
         <size>0x4</size>
         <alignment>0x1</alignment>
         <input_file_ref idref="fl-6"/>
      </object_component>
      <object_component id="oc-141">
         <name>.rodata.str1.635279466477427710.1</name>
         <load_address>0x7728</load_address>
         <readonly>true</readonly>
         <run_address>0x7728</run_address>
         <size>0x4</size>
         <alignment>0x1</alignment>
         <input_file_ref idref="fl-6"/>
      </object_component>
      <object_component id="oc-182">
         <name>.binit</name>
         <load_address>0x0</load_address>
         <readonly>true</readonly>
         <run_address>0x0</run_address>
         <size>0x0</size>
         <alignment>0x4</alignment>
      </object_component>
      <object_component id="oc-124">
         <name>.data.BusFreq</name>
         <load_address>0x20200220</load_address>
         <readwrite>true</readwrite>
         <run_address>0x20200220</run_address>
         <size>0x4</size>
         <alignment>0x4</alignment>
         <input_file_ref idref="fl-3"/>
      </object_component>
      <object_component id="oc-9b">
         <name>.data.semaphore</name>
         <load_address>0x2020026c</load_address>
         <readwrite>true</readwrite>
         <run_address>0x2020026c</run_address>
         <size>0x4</size>
         <alignment>0x4</alignment>
         <input_file_ref idref="fl-6"/>
      </object_component>
      <object_component id="oc-91">
         <name>.data.last_sw</name>
         <load_address>0x20200244</load_address>
         <readwrite>true</readwrite>
         <run_address>0x20200244</run_address>
         <size>0x4</size>
         <alignment>0x4</alignment>
         <input_file_ref idref="fl-6"/>
      </object_component>
      <object_component id="oc-90">
         <name>.data.game_state</name>
         <load_address>0x20200240</load_address>
         <readwrite>true</readwrite>
         <run_address>0x20200240</run_address>
         <size>0x4</size>
         <alignment>0x4</alignment>
         <input_file_ref idref="fl-6"/>
      </object_component>
      <object_component id="oc-92">
         <name>.data.pongLanguage</name>
         <load_address>0x20200260</load_address>
         <readwrite>true</readwrite>
         <run_address>0x20200260</run_address>
         <size>0x4</size>
         <alignment>0x4</alignment>
         <input_file_ref idref="fl-6"/>
      </object_component>
      <object_component id="oc-fc">
         <name>.data.Pong_Lang_Name</name>
         <load_address>0x20200200</load_address>
         <readwrite>true</readwrite>
         <run_address>0x20200200</run_address>
         <size>0x8</size>
         <alignment>0x4</alignment>
         <input_file_ref idref="fl-6"/>
      </object_component>
      <object_component id="oc-ee">
         <name>.data.Pong_P1_Score_Text</name>
         <load_address>0x20200208</load_address>
         <readwrite>true</readwrite>
         <run_address>0x20200208</run_address>
         <size>0x8</size>
         <alignment>0x4</alignment>
         <input_file_ref idref="fl-6"/>
      </object_component>
      <object_component id="oc-ed">
         <name>.data.Pong_P2_Score_Text</name>
         <load_address>0x20200210</load_address>
         <readwrite>true</readwrite>
         <run_address>0x20200210</run_address>
         <size>0x8</size>
         <alignment>0x4</alignment>
         <input_file_ref idref="fl-6"/>
      </object_component>
      <object_component id="oc-ef">
         <name>.data.Pong_Win_Text</name>
         <load_address>0x20200218</load_address>
         <readwrite>true</readwrite>
         <run_address>0x20200218</run_address>
         <size>0x8</size>
         <alignment>0x4</alignment>
         <input_file_ref idref="fl-6"/>
      </object_component>
      <object_component id="oc-93">
         <name>.data.score1</name>
         <load_address>0x20200264</load_address>
         <readwrite>true</readwrite>
         <run_address>0x20200264</run_address>
         <size>0x4</size>
         <alignment>0x4</alignment>
         <input_file_ref idref="fl-6"/>
      </object_component>
      <object_component id="oc-94">
         <name>.data.score2</name>
         <load_address>0x20200268</load_address>
         <readwrite>true</readwrite>
         <run_address>0x20200268</run_address>
         <size>0x4</size>
         <alignment>0x4</alignment>
         <input_file_ref idref="fl-6"/>
      </object_component>
      <object_component id="oc-95">
         <name>.data.paddleL_Y</name>
         <load_address>0x20200258</load_address>
         <readwrite>true</readwrite>
         <run_address>0x20200258</run_address>
         <size>0x4</size>
         <alignment>0x4</alignment>
         <input_file_ref idref="fl-6"/>
      </object_component>
      <object_component id="oc-f5">
         <name>.data.old_paddleL_Y</name>
         <load_address>0x20200250</load_address>
         <readwrite>true</readwrite>
         <run_address>0x20200250</run_address>
         <size>0x4</size>
         <alignment>0x4</alignment>
         <input_file_ref idref="fl-6"/>
      </object_component>
      <object_component id="oc-96">
         <name>.data.paddleR_Y</name>
         <load_address>0x2020025c</load_address>
         <readwrite>true</readwrite>
         <run_address>0x2020025c</run_address>
         <size>0x4</size>
         <alignment>0x4</alignment>
         <input_file_ref idref="fl-6"/>
      </object_component>
      <object_component id="oc-f6">
         <name>.data.old_paddleR_Y</name>
         <load_address>0x20200254</load_address>
         <readwrite>true</readwrite>
         <run_address>0x20200254</run_address>
         <size>0x4</size>
         <alignment>0x4</alignment>
         <input_file_ref idref="fl-6"/>
      </object_component>
      <object_component id="oc-98">
         <name>.data.ball_X</name>
         <load_address>0x20200238</load_address>
         <readwrite>true</readwrite>
         <run_address>0x20200238</run_address>
         <size>0x4</size>
         <alignment>0x4</alignment>
         <input_file_ref idref="fl-6"/>
      </object_component>
      <object_component id="oc-f3">
         <name>.data.old_ball_X</name>
         <load_address>0x20200248</load_address>
         <readwrite>true</readwrite>
         <run_address>0x20200248</run_address>
         <size>0x4</size>
         <alignment>0x4</alignment>
         <input_file_ref idref="fl-6"/>
      </object_component>
      <object_component id="oc-9a">
         <name>.data.ball_Y</name>
         <load_address>0x2020023c</load_address>
         <readwrite>true</readwrite>
         <run_address>0x2020023c</run_address>
         <size>0x4</size>
         <alignment>0x4</alignment>
         <input_file_ref idref="fl-6"/>
      </object_component>
      <object_component id="oc-f4">
         <name>.data.old_ball_Y</name>
         <load_address>0x2020024c</load_address>
         <readwrite>true</readwrite>
         <run_address>0x2020024c</run_address>
         <size>0x4</size>
         <alignment>0x4</alignment>
         <input_file_ref idref="fl-6"/>
      </object_component>
      <object_component id="oc-97">
         <name>.data.ball_VX</name>
         <load_address>0x20200230</load_address>
         <readwrite>true</readwrite>
         <run_address>0x20200230</run_address>
         <size>0x4</size>
         <alignment>0x4</alignment>
         <input_file_ref idref="fl-6"/>
      </object_component>
      <object_component id="oc-99">
         <name>.data.ball_VY</name>
         <load_address>0x20200234</load_address>
         <readwrite>true</readwrite>
         <run_address>0x20200234</run_address>
         <size>0x4</size>
         <alignment>0x4</alignment>
         <input_file_ref idref="fl-6"/>
      </object_component>
      <object_component id="oc-138">
         <name>.data.StX</name>
         <load_address>0x20200228</load_address>
         <readwrite>true</readwrite>
         <run_address>0x20200228</run_address>
         <size>0x4</size>
         <alignment>0x4</alignment>
         <input_file_ref idref="fl-9"/>
      </object_component>
      <object_component id="oc-139">
         <name>.data.StY</name>
         <load_address>0x2020022c</load_address>
         <readwrite>true</readwrite>
         <run_address>0x2020022c</run_address>
         <size>0x4</size>
         <alignment>0x4</alignment>
         <input_file_ref idref="fl-9"/>
      </object_component>
      <object_component id="oc-131">
         <name>.data.StTextColor</name>
         <load_address>0x20200270</load_address>
         <readwrite>true</readwrite>
         <run_address>0x20200270</run_address>
         <size>0x2</size>
         <alignment>0x2</alignment>
         <input_file_ref idref="fl-9"/>
      </object_component>
      <object_component id="oc-ba">
         <name>.data._width</name>
         <load_address>0x20200274</load_address>
         <readwrite>true</readwrite>
         <run_address>0x20200274</run_address>
         <size>0x2</size>
         <alignment>0x2</alignment>
         <input_file_ref idref="fl-9"/>
      </object_component>
      <object_component id="oc-bb">
         <name>.data._height</name>
         <load_address>0x20200272</load_address>
         <readwrite>true</readwrite>
         <run_address>0x20200272</run_address>
         <size>0x2</size>
         <alignment>0x2</alignment>
         <input_file_ref idref="fl-9"/>
      </object_component>
      <object_component id="oc-72">
         <name>.data.Sound_Count</name>
         <load_address>0x20200224</load_address>
         <readwrite>true</readwrite>
         <run_address>0x20200224</run_address>
         <size>0x4</size>
         <alignment>0x4</alignment>
         <input_file_ref idref="fl-b"/>
      </object_component>
      <object_component id="oc-119">
         <name>.bss.ColStart</name>
         <uninitialized>true</uninitialized>
         <readwrite>true</readwrite>
         <run_address>0x20200294</run_address>
         <size>0x1</size>
         <alignment>0x1</alignment>
         <input_file_ref idref="fl-9"/>
      </object_component>
      <object_component id="oc-11a">
         <name>.bss.RowStart</name>
         <uninitialized>true</uninitialized>
         <readwrite>true</readwrite>
         <run_address>0x20200296</run_address>
         <size>0x1</size>
         <alignment>0x1</alignment>
         <input_file_ref idref="fl-9"/>
      </object_component>
      <object_component id="oc-130">
         <name>.bss.TabColor</name>
         <uninitialized>true</uninitialized>
         <readwrite>true</readwrite>
         <run_address>0x20200297</run_address>
         <size>0x1</size>
         <alignment>0x1</alignment>
         <input_file_ref idref="fl-9"/>
      </object_component>
      <object_component id="oc-132">
         <name>.bss.Rotation</name>
         <uninitialized>true</uninitialized>
         <readwrite>true</readwrite>
         <run_address>0x20200295</run_address>
         <size>0x1</size>
         <alignment>0x1</alignment>
         <input_file_ref idref="fl-9"/>
      </object_component>
      <object_component id="oc-13e">
         <name>.common:Messageindex</name>
         <uninitialized>true</uninitialized>
         <readwrite>true</readwrite>
         <run_address>0x20200284</run_address>
         <size>0x4</size>
         <alignment>0x4</alignment>
      </object_component>
      <object_component id="oc-13f">
         <name>.common:Message</name>
         <uninitialized>true</uninitialized>
         <readwrite>true</readwrite>
         <run_address>0x20200278</run_address>
         <size>0xc</size>
         <alignment>0x1</alignment>
      </object_component>
      <object_component id="oc-73">
         <name>.common:Sound_Pt</name>
         <uninitialized>true</uninitialized>
         <readwrite>true</readwrite>
         <run_address>0x20200288</run_address>
         <size>0x4</size>
         <alignment>0x4</alignment>
      </object_component>
      <object_component id="oc-76">
         <name>.common:TExaSadc</name>
         <uninitialized>true</uninitialized>
         <readwrite>true</readwrite>
         <run_address>0x20200290</run_address>
         <size>0x4</size>
         <alignment>0x4</alignment>
      </object_component>
      <object_component id="oc-77">
         <name>.common:TExaSLogic</name>
         <uninitialized>true</uninitialized>
         <readwrite>true</readwrite>
         <run_address>0x2020028c</run_address>
         <size>0x4</size>
         <alignment>0x4</alignment>
      </object_component>
      <object_component id="oc-2f">
         <name>.sysmem</name>
         <uninitialized>true</uninitialized>
         <readwrite>true</readwrite>
         <run_address>0x20200000</run_address>
         <size>0x10</size>
         <alignment>0x8</alignment>
         <input_file_ref idref="fl-40"/>
      </object_component>
      <object_component id="oc-1be">
         <name>.sysmem</name>
         <uninitialized>true</uninitialized>
         <readwrite>true</readwrite>
         <run_address>0x20200000</run_address>
         <size>0x0</size>
         <alignment>0x4</alignment>
      </object_component>
      <object_component id="oc-1a">
         <name>.stack</name>
         <uninitialized>true</uninitialized>
         <readwrite>true</readwrite>
         <run_address>0x20207e00</run_address>
         <size>0x4</size>
         <alignment>0x4</alignment>
         <input_file_ref idref="fl-41"/>
      </object_component>
      <object_component id="oc-1bd">
         <name>.stack</name>
         <uninitialized>true</uninitialized>
         <readwrite>true</readwrite>
         <run_address>0x20207e00</run_address>
         <size>0x0</size>
         <alignment>0x8</alignment>
      </object_component>
      <object_component id="oc-c4">
         <name>.debug_abbrev</name>
         <load_address>0x0</load_address>
         <run_address>0x0</run_address>
         <size>0x12b</size>
         <alignment>0x1</alignment>
         <input_file_ref idref="fl-1"/>
      </object_component>
      <object_component id="oc-125">
         <name>.debug_abbrev</name>
         <load_address>0x12b</load_address>
         <run_address>0x12b</run_address>
         <size>0x16c</size>
         <alignment>0x1</alignment>
         <input_file_ref idref="fl-3"/>
      </object_component>
      <object_component id="oc-b5">
         <name>.debug_abbrev</name>
         <load_address>0x297</load_address>
         <run_address>0x297</run_address>
         <size>0xd6</size>
         <alignment>0x1</alignment>
         <input_file_ref idref="fl-4"/>
      </object_component>
      <object_component id="oc-9c">
         <name>.debug_abbrev</name>
         <load_address>0x36d</load_address>
         <run_address>0x36d</run_address>
         <size>0x212</size>
         <alignment>0x1</alignment>
         <input_file_ref idref="fl-6"/>
      </object_component>
      <object_component id="oc-128">
         <name>.debug_abbrev</name>
         <load_address>0x57f</load_address>
         <run_address>0x57f</run_address>
         <size>0x10d</size>
         <alignment>0x1</alignment>
         <input_file_ref idref="fl-7"/>
      </object_component>
      <object_component id="oc-11b">
         <name>.debug_abbrev</name>
         <load_address>0x68c</load_address>
         <run_address>0x68c</run_address>
         <size>0xdb</size>
         <alignment>0x1</alignment>
         <input_file_ref idref="fl-8"/>
      </object_component>
      <object_component id="oc-bc">
         <name>.debug_abbrev</name>
         <load_address>0x767</load_address>
         <run_address>0x767</run_address>
         <size>0x174</size>
         <alignment>0x1</alignment>
         <input_file_ref idref="fl-9"/>
      </object_component>
      <object_component id="oc-74">
         <name>.debug_abbrev</name>
         <load_address>0x8db</load_address>
         <run_address>0x8db</run_address>
         <size>0x103</size>
         <alignment>0x1</alignment>
         <input_file_ref idref="fl-b"/>
      </object_component>
      <object_component id="oc-b7">
         <name>.debug_abbrev</name>
         <load_address>0x9de</load_address>
         <run_address>0x9de</run_address>
         <size>0xc9</size>
         <alignment>0x1</alignment>
         <input_file_ref idref="fl-c"/>
      </object_component>
      <object_component id="oc-78">
         <name>.debug_abbrev</name>
         <load_address>0xaa7</load_address>
         <run_address>0xaa7</run_address>
         <size>0x129</size>
         <alignment>0x1</alignment>
         <input_file_ref idref="fl-d"/>
      </object_component>
      <object_component id="oc-136">
         <name>.debug_abbrev</name>
         <load_address>0xbd0</load_address>
         <run_address>0xbd0</run_address>
         <size>0xf3</size>
         <alignment>0x1</alignment>
         <input_file_ref idref="fl-e"/>
      </object_component>
      <object_component id="oc-46">
         <name>.debug_abbrev</name>
         <load_address>0xcc3</load_address>
         <run_address>0xcc3</run_address>
         <size>0x6d</size>
         <alignment>0x1</alignment>
         <input_file_ref idref="fl-10"/>
      </object_component>
      <object_component id="oc-14c">
         <name>.debug_abbrev</name>
         <load_address>0xd30</load_address>
         <run_address>0xd30</run_address>
         <size>0x98</size>
         <alignment>0x1</alignment>
         <input_file_ref idref="fl-3c"/>
      </object_component>
      <object_component id="oc-68">
         <name>.debug_abbrev</name>
         <load_address>0xdc8</load_address>
         <run_address>0xdc8</run_address>
         <size>0x299</size>
         <alignment>0x1</alignment>
         <input_file_ref idref="fl-40"/>
      </object_component>
      <object_component id="oc-48">
         <name>.debug_abbrev</name>
         <load_address>0x1061</load_address>
         <run_address>0x1061</run_address>
         <size>0xaf</size>
         <alignment>0x1</alignment>
         <input_file_ref idref="fl-41"/>
      </object_component>
      <object_component id="oc-152">
         <name>.debug_abbrev</name>
         <load_address>0x1110</load_address>
         <run_address>0x1110</run_address>
         <size>0x172</size>
         <alignment>0x1</alignment>
         <input_file_ref idref="fl-43"/>
      </object_component>
      <object_component id="oc-d2">
         <name>.debug_abbrev</name>
         <load_address>0x1282</load_address>
         <run_address>0x1282</run_address>
         <size>0x39</size>
         <alignment>0x1</alignment>
         <input_file_ref idref="fl-44"/>
      </object_component>
      <object_component id="oc-a0">
         <name>.debug_abbrev</name>
         <load_address>0x12bb</load_address>
         <run_address>0x12bb</run_address>
         <size>0xc2</size>
         <alignment>0x1</alignment>
         <input_file_ref idref="fl-46"/>
      </object_component>
      <object_component id="oc-55">
         <name>.debug_abbrev</name>
         <load_address>0x137d</load_address>
         <run_address>0x137d</run_address>
         <size>0x70</size>
         <alignment>0x1</alignment>
         <input_file_ref idref="fl-47"/>
      </object_component>
      <object_component id="oc-4d">
         <name>.debug_abbrev</name>
         <load_address>0x13ed</load_address>
         <run_address>0x13ed</run_address>
         <size>0x8d</size>
         <alignment>0x1</alignment>
         <input_file_ref idref="fl-48"/>
      </object_component>
      <object_component id="oc-163">
         <name>.debug_abbrev</name>
         <load_address>0x147a</load_address>
         <run_address>0x147a</run_address>
         <size>0x2c</size>
         <alignment>0x1</alignment>
         <input_file_ref idref="fl-14b"/>
      </object_component>
      <object_component id="oc-175">
         <name>.debug_abbrev</name>
         <load_address>0x14a6</load_address>
         <run_address>0x14a6</run_address>
         <size>0x27</size>
         <alignment>0x1</alignment>
         <input_file_ref idref="fl-165"/>
      </object_component>
      <object_component id="oc-9f">
         <name>.debug_abbrev</name>
         <load_address>0x14cd</load_address>
         <run_address>0x14cd</run_address>
         <size>0x27</size>
         <alignment>0x1</alignment>
         <input_file_ref idref="fl-167"/>
      </object_component>
      <object_component id="oc-176">
         <name>.debug_abbrev</name>
         <load_address>0x14f4</load_address>
         <run_address>0x14f4</run_address>
         <size>0x59</size>
         <alignment>0x1</alignment>
         <input_file_ref idref="fl-16e"/>
      </object_component>
      <object_component id="oc-11d">
         <name>.debug_abbrev</name>
         <load_address>0x154d</load_address>
         <run_address>0x154d</run_address>
         <size>0x25</size>
         <alignment>0x1</alignment>
         <input_file_ref idref="fl-172"/>
      </object_component>
      <object_component id="oc-1c0">
         <name>.debug_abbrev</name>
         <load_address>0x1572</load_address>
         <run_address>0x1572</run_address>
         <size>0xf</size>
         <alignment>0x0</alignment>
      </object_component>
      <object_component id="oc-8a">
         <name>.debug_info</name>
         <load_address>0x0</load_address>
         <run_address>0x0</run_address>
         <size>0x8ac</size>
         <alignment>0x1</alignment>
         <input_file_ref idref="fl-1"/>
      </object_component>
      <object_component id="oc-d6">
         <name>.debug_info</name>
         <load_address>0x8ac</load_address>
         <run_address>0x8ac</run_address>
         <size>0x1363</size>
[...]
      </symbol>
      <symbol id="sm-6e">
         <name>DAC5_Init</name>
         <value>0x8edd</value>
         <object_component_ref idref="oc-134"/>
      </symbol>
      <symbol id="sm-6f">
         <name>DAC5_Out</name>
         <value>0x9135</value>
         <object_component_ref idref="oc-6d"/>
      </symbol>
      <symbol id="sm-91">
         <name>playerrect1</name>
         <value>0x72f4</value>
         <object_component_ref idref="oc-f7"/>
      </symbol>
      <symbol id="sm-92">
         <name>playerrect2</name>
         <value>0x7420</value>
         <object_component_ref idref="oc-f8"/>
      </symbol>
      <symbol id="sm-93">
         <name>ball</name>
         <value>0x754c</value>
         <object_component_ref idref="oc-f9"/>
      </symbol>
      <symbol id="sm-94">
         <name>Pong_Convert</name>
         <value>0x9265</value>
         <object_component_ref idref="oc-8b"/>
      </symbol>
      <symbol id="sm-95">
         <name>Pong_Reset_Ball</name>
         <value>0x9155</value>
         <object_component_ref idref="oc-7f"/>
      </symbol>
      <symbol id="sm-96">
         <name>ball_X</name>
         <value>0x20200238</value>
         <object_component_ref idref="oc-98"/>
      </symbol>
      <symbol id="sm-97">
         <name>ball_Y</name>
         <value>0x2020023c</value>
         <object_component_ref idref="oc-9a"/>
      </symbol>
      <symbol id="sm-98">
         <name>ball_VY</name>
         <value>0x20200234</value>
         <object_component_ref idref="oc-99"/>
      </symbol>
      <symbol id="sm-99">
         <name>TIMG12_IRQHandler</name>
         <value>0x7a11</value>
         <object_component_ref idref="oc-41"/>
      </symbol>
      <symbol id="sm-9a">
         <name>game_state</name>
         <value>0x20200240</value>
         <object_component_ref idref="oc-90"/>
      </symbol>
      <symbol id="sm-9b">
         <name>last_sw</name>
         <value>0x20200244</value>
         <object_component_ref idref="oc-91"/>
      </symbol>
      <symbol id="sm-9c">
         <name>pongLanguage</name>
         <value>0x20200260</value>
         <object_component_ref idref="oc-92"/>
      </symbol>
      <symbol id="sm-9d">
         <name>score1</name>
         <value>0x20200264</value>
         <object_component_ref idref="oc-93"/>
      </symbol>
      <symbol id="sm-9e">
         <name>score2</name>
         <value>0x20200268</value>
         <object_component_ref idref="oc-94"/>
      </symbol>
      <symbol id="sm-9f">
         <name>paddleL_Y</name>
         <value>0x20200258</value>
         <object_component_ref idref="oc-95"/>
      </symbol>
      <symbol id="sm-a0">
         <name>paddleR_Y</name>
         <value>0x2020025c</value>
         <object_component_ref idref="oc-96"/>
      </symbol>
      <symbol id="sm-a1">
         <name>ball_VX</name>
         <value>0x20200230</value>
         <object_component_ref idref="oc-97"/>
      </symbol>
      <symbol id="sm-a2">
         <name>semaphore</name>
         <value>0x2020026c</value>
         <object_component_ref idref="oc-9b"/>
      </symbol>
      <symbol id="sm-a3">
         <name>main</name>
         <value>0x7731</value>
         <object_component_ref idref="oc-aa"/>
      </symbol>
      <symbol id="sm-a4">
         <name>Pong_P2_Score_Text</name>
         <value>0x20200210</value>
         <object_component_ref idref="oc-ed"/>
      </symbol>
      <symbol id="sm-a5">
         <name>Pong_P1_Score_Text</name>
         <value>0x20200208</value>
         <object_component_ref idref="oc-ee"/>
      </symbol>
      <symbol id="sm-a6">
         <name>Pong_Win_Text</name>
         <value>0x20200218</value>
         <object_component_ref idref="oc-ef"/>
      </symbol>
      <symbol id="sm-a7">
         <name>old_ball_X</name>
         <value>0x20200248</value>
         <object_component_ref idref="oc-f3"/>
      </symbol>
      <symbol id="sm-a8">
         <name>old_ball_Y</name>
         <value>0x2020024c</value>
         <object_component_ref idref="oc-f4"/>
      </symbol>
      <symbol id="sm-a9">
         <name>old_paddleL_Y</name>
         <value>0x20200250</value>
         <object_component_ref idref="oc-f5"/>
      </symbol>
      <symbol id="sm-aa">
         <name>old_paddleR_Y</name>
         <value>0x20200254</value>
         <object_component_ref idref="oc-f6"/>
      </symbol>
      <symbol id="sm-ab">
         <name>Pong_Lang_Name</name>
         <value>0x20200200</value>
         <object_component_ref idref="oc-fc"/>
      </symbol>
      <symbol id="sm-bb">
         <name>Delay</name>
         <value>0x92ab</value>
         <object_component_ref idref="oc-159"/>
      </symbol>
      <symbol id="sm-bc">
         <name>ActivatePortA_B</name>
         <value>0x8f55</value>
         <object_component_ref idref="oc-127"/>
      </symbol>
      <symbol id="sm-bd">
         <name>LaunchPad_Init</name>
         <value>0x8bbd</value>
         <object_component_ref idref="oc-d9"/>
      </symbol>
      <symbol id="sm-d0">
         <name>SPI_Init</name>
         <value>0x83fd</value>
         <object_component_ref idref="oc-15a"/>
      </symbol>
      <symbol id="sm-d1">
         <name>SPI_Reset</name>
         <value>0x8e1d</value>
         <object_component_ref idref="oc-16f"/>
      </symbol>
      <symbol id="sm-d2">
         <name>SPI_OutData</name>
         <value>0x8f8d</value>
         <object_component_ref idref="oc-bf"/>
      </symbol>
      <symbol id="sm-d3">
         <name>SPI_OutCommand</name>
         <value>0x8d09</value>
         <object_component_ref idref="oc-118"/>
      </symbol>
      <symbol id="sm-126">
         <name>ST7735_SetCursor</name>
         <value>0x9031</value>
         <object_component_ref idref="oc-e9"/>
      </symbol>
      <symbol id="sm-127">
         <name>ST7735_FillScreen</name>
         <value>0x9095</value>
         <object_component_ref idref="oc-80"/>
      </symbol>
      <symbol id="sm-128">
         <name>StTextColor</name>
         <value>0x20200270</value>
         <object_component_ref idref="oc-131"/>
      </symbol>
      <symbol id="sm-129">
         <name>StX</name>
         <value>0x20200228</value>
         <object_component_ref idref="oc-138"/>
      </symbol>
      <symbol id="sm-12a">
         <name>StY</name>
         <value>0x2020022c</value>
         <object_component_ref idref="oc-139"/>
      </symbol>
      <symbol id="sm-12b">
         <name>ST7735_FillRect</name>
         <value>0x81e9</value>
         <object_component_ref idref="oc-b9"/>
      </symbol>
      <symbol id="sm-12c">
         <name>ST7735_InitR</name>
         <value>0x8901</value>
         <object_component_ref idref="oc-de"/>
      </symbol>
      <symbol id="sm-12d">
         <name>ST7735_DrawFastHLine</name>
         <value>0x87ad</value>
         <object_component_ref idref="oc-85"/>
      </symbol>
      <symbol id="sm-12e">
         <name>ST7735_DrawBitmap</name>
         <value>0x7c7d</value>
         <object_component_ref idref="oc-eb"/>
      </symbol>
      <symbol id="sm-12f">
         <name>ST7735_DrawChar</name>
         <value>0x8041</value>
         <object_component_ref idref="oc-13d"/>
      </symbol>
      <symbol id="sm-130">
         <name>ST7735_DrawString</name>
         <value>0x8ab5</value>
         <object_component_ref idref="oc-13c"/>
      </symbol>
      <symbol id="sm-131">
         <name>fillmessage</name>
         <value>0x8cb5</value>
         <object_component_ref idref="oc-13b"/>
      </symbol>
      <symbol id="sm-132">
         <name>Messageindex</name>
         <value>0x20200284</value>
      </symbol>
      <symbol id="sm-133">
         <name>Message</name>
         <value>0x20200278</value>
      </symbol>
      <symbol id="sm-134">
         <name>ST7735_OutUDec</name>
         <value>0x8b39</value>
         <object_component_ref idref="oc-ec"/>
      </symbol>
      <symbol id="sm-135">
         <name>ST7735_SetRotation</name>
         <value>0x85e9</value>
         <object_component_ref idref="oc-df"/>
      </symbol>
      <symbol id="sm-136">
         <name>ST7735_OutChar</name>
         <value>0x86dd</value>
         <object_component_ref idref="oc-13a"/>
      </symbol>
      <symbol id="sm-137">
         <name>ST7735_OutString</name>
         <value>0x90e9</value>
         <object_component_ref idref="oc-ea"/>
      </symbol>
      <symbol id="sm-154">
         <name>SysTick_IntArm</name>
         <value>0x8dd9</value>
         <object_component_ref idref="oc-135"/>
      </symbol>
      <symbol id="sm-155">
         <name>Sound_Init</name>
         <value>0x9229</value>
         <object_component_ref idref="oc-e3"/>
      </symbol>
      <symbol id="sm-156">
         <name>SysTick_Handler</name>
         <value>0x8fc5</value>
         <object_component_ref idref="oc-37"/>
      </symbol>
      <symbol id="sm-157">
         <name>Sound_Count</name>
         <value>0x20200224</value>
         <object_component_ref idref="oc-72"/>
      </symbol>
      <symbol id="sm-158">
         <name>Sound_Pt</name>
         <value>0x20200288</value>
      </symbol>
      <symbol id="sm-159">
         <name>Sound_Start</name>
         <value>0x9111</value>
         <object_component_ref idref="oc-c6"/>
      </symbol>
      <symbol id="sm-15a">
         <name>Sound_Hit</name>
         <value>0x9215</value>
         <object_component_ref idref="oc-8d"/>
      </symbol>
      <symbol id="sm-15b">
         <name>hitSound</name>
         <value>0x672c</value>
         <object_component_ref idref="oc-c7"/>
      </symbol>
      <symbol id="sm-15c">
         <name>Sound_Paddle</name>
         <value>0x923d</value>
         <object_component_ref idref="oc-8e"/>
      </symbol>
      <symbol id="sm-15d">
         <name>paddleSound</name>
         <value>0x5880</value>
         <object_component_ref idref="oc-c8"/>
      </symbol>
      <symbol id="sm-15e">
         <name>Sound_Win</name>
         <value>0x9251</value>
         <object_component_ref idref="oc-8f"/>
      </symbol>
      <symbol id="sm-15f">
         <name>win</name>
         <value>0xc0</value>
         <object_component_ref idref="oc-c9"/>
      </symbol>
      <symbol id="sm-16c">
         <name>Switch_Init</name>
         <value>0x91e5</value>
         <object_component_ref idref="oc-e2"/>
      </symbol>
      <symbol id="sm-16d">
         <name>Switch_In</name>
         <value>0x91cd</value>
         <object_component_ref idref="oc-7a"/>
      </symbol>
      <symbol id="sm-177">
         <name>TIMG7_IRQHandler</name>
         <value>0x8e5d</value>
         <object_component_ref idref="oc-3c"/>
      </symbol>
      <symbol id="sm-178">
         <name>TExaSadc</name>
         <value>0x20200290</value>
      </symbol>
      <symbol id="sm-179">
         <name>TExaSLogic</name>
         <value>0x2020028c</value>
      </symbol>
      <symbol id="sm-183">
         <name>TimerG12_IntArm</name>
         <value>0x8999</value>
         <object_component_ref idref="oc-e4"/>
      </symbol>
      <symbol id="sm-195">
         <name>Default_Handler</name>
         <value>0x9195</value>
         <object_component_ref idref="oc-35"/>
      </symbol>
      <symbol id="sm-196">
         <name>Reset_Handler</name>
         <value>0x92db</value>
         <object_component_ref idref="oc-31"/>
      </symbol>
      <symbol id="sm-197">
         <name>HardFault_Handler</name>
         <value>0x91b1</value>
         <object_component_ref idref="oc-36"/>
      </symbol>
      <symbol id="sm-198">
         <name>interruptVectors</name>
         <value>0x0</value>
         <object_component_ref idref="oc-18"/>
      </symbol>
      <symbol id="sm-199">
         <name>NMI_Handler</name>
         <value>0x9195</value>
         <object_component_ref idref="oc-35"/>
      </symbol>
      <symbol id="sm-19a">
         <name>SVC_Handler</name>
         <value>0x9195</value>
         <object_component_ref idref="oc-35"/>
      </symbol>
      <symbol id="sm-19b">
         <name>PendSV_Handler</name>
         <value>0x9195</value>
         <object_component_ref idref="oc-35"/>
      </symbol>
      <symbol id="sm-19c">
         <name>GROUP0_IRQHandler</name>
         <value>0x9195</value>
         <object_component_ref idref="oc-35"/>
      </symbol>
      <symbol id="sm-19d">
         <name>GROUP1_IRQHandler</name>
         <value>0x9195</value>
         <object_component_ref idref="oc-35"/>
      </symbol>
      <symbol id="sm-19e">
         <name>TIMG8_IRQHandler</name>
         <value>0x9195</value>
         <object_component_ref idref="oc-35"/>
      </symbol>
      <symbol id="sm-19f">
         <name>UART3_IRQHandler</name>
         <value>0x9195</value>
         <object_component_ref idref="oc-35"/>
      </symbol>
      <symbol id="sm-1a0">
         <name>ADC0_IRQHandler</name>
         <value>0x9195</value>
         <object_component_ref idref="oc-35"/>
      </symbol>
      <symbol id="sm-1a1">
         <name>ADC1_IRQHandler</name>
         <value>0x9195</value>
         <object_component_ref idref="oc-35"/>
      </symbol>
      <symbol id="sm-1a2">
         <name>CANFD0_IRQHandler</name>
         <value>0x9195</value>
         <object_component_ref idref="oc-35"/>
      </symbol>
      <symbol id="sm-1a3">
         <name>DAC0_IRQHandler</name>
         <value>0x9195</value>
         <object_component_ref idref="oc-35"/>
      </symbol>
      <symbol id="sm-1a4">
         <name>SPI0_IRQHandler</name>
         <value>0x9195</value>
         <object_component_ref idref="oc-35"/>
      </symbol>
      <symbol id="sm-1a5">
         <name>SPI1_IRQHandler</name>
         <value>0x9195</value>
         <object_component_ref idref="oc-35"/>
      </symbol>
      <symbol id="sm-1a6">
         <name>UART1_IRQHandler</name>
         <value>0x9195</value>
         <object_component_ref idref="oc-35"/>
      </symbol>
      <symbol id="sm-1a7">
         <name>UART2_IRQHandler</name>
         <value>0x9195</value>
         <object_component_ref idref="oc-35"/>
      </symbol>
      <symbol id="sm-1a8">
         <name>UART0_IRQHandler</name>
         <value>0x9195</value>
         <object_component_ref idref="oc-35"/>
      </symbol>
      <symbol id="sm-1a9">
         <name>TIMG0_IRQHandler</name>
         <value>0x9195</value>
         <object_component_ref idref="oc-35"/>
      </symbol>
      <symbol id="sm-1aa">
         <name>TIMG6_IRQHandler</name>
         <value>0x9195</value>
         <object_component_ref idref="oc-35"/>
      </symbol>
      <symbol id="sm-1ab">
         <name>TIMA0_IRQHandler</name>
         <value>0x9195</value>
         <object_component_ref idref="oc-35"/>
      </symbol>
      <symbol id="sm-1ac">
         <name>TIMA1_IRQHandler</name>
         <value>0x9195</value>
         <object_component_ref idref="oc-35"/>
      </symbol>
      <symbol id="sm-1ad">
         <name>I2C0_IRQHandler</name>
         <value>0x9195</value>
         <object_component_ref idref="oc-35"/>
      </symbol>
      <symbol id="sm-1ae">
         <name>I2C1_IRQHandler</name>
         <value>0x9195</value>
         <object_component_ref idref="oc-35"/>
      </symbol>
      <symbol id="sm-1af">
         <name>AES_IRQHandler</name>
         <value>0x9195</value>
         <object_component_ref idref="oc-35"/>
      </symbol>
      <symbol id="sm-1b0">
         <name>RTC_IRQHandler</name>
         <value>0x9195</value>
         <object_component_ref idref="oc-35"/>
      </symbol>
      <symbol id="sm-1b1">
         <name>DMA_IRQHandler</name>
         <value>0x9195</value>
         <object_component_ref idref="oc-35"/>
      </symbol>
      <symbol id="sm-1b2">
         <name>__TI_ATRegion0_src_addr</name>
         <value>0x0</value>
      </symbol>
      <symbol id="sm-1b3">
         <name>__TI_ATRegion0_trg_addr</name>
         <value>0x0</value>
      </symbol>
      <symbol id="sm-1b4">
         <name>__TI_ATRegion0_region_sz</name>
         <value>0x0</value>
      </symbol>
      <symbol id="sm-1b5">
         <name>__TI_ATRegion1_src_addr</name>
         <value>0x0</value>
      </symbol>
      <symbol id="sm-1b6">
         <name>__TI_ATRegion1_trg_addr</name>
         <value>0x0</value>
      </symbol>
      <symbol id="sm-1b7">
         <name>__TI_ATRegion1_region_sz</name>
         <value>0x0</value>
      </symbol>
      <symbol id="sm-1b8">
         <name>__TI_ATRegion2_src_addr</name>
         <value>0x0</value>
      </symbol>
      <symbol id="sm-1b9">
         <name>__TI_ATRegion2_trg_addr</name>
         <value>0x0</value>
      </symbol>
      <symbol id="sm-1ba">
         <name>__TI_ATRegion2_region_sz</name>
         <value>0x0</value>
      </symbol>
      <symbol id="sm-1c7">
         <name>abort</name>
         <value>0x92d1</value>
         <object_component_ref idref="oc-ff"/>
      </symbol>
      <symbol id="sm-1d1">
         <name>_sys_memory</name>
         <value>0x20200000</value>
         <object_component_ref idref="oc-2f"/>
      </symbol>
      <symbol id="sm-1dc">
         <name>_c_int00_noargs</name>
         <value>0x90c1</value>
         <object_component_ref idref="oc-61"/>
      </symbol>
      <symbol id="sm-1dd">
         <name>__stack</name>
         <value>0x20207e00</value>
         <object_component_ref idref="oc-1a"/>
      </symbol>
      <symbol id="sm-1e9">
         <name>__TI_auto_init_nobinit_nopinit</name>
         <value>0x8f19</value>
         <object_component_ref idref="oc-106"/>
      </symbol>
      <symbol id="sm-1f1">
         <name>_system_pre_init</name>
         <value>0x92df</value>
         <object_component_ref idref="oc-a6"/>
      </symbol>
      <symbol id="sm-1fc">
         <name>__TI_zero_init_nomemset</name>
         <value>0x91fd</value>
         <object_component_ref idref="oc-58"/>
      </symbol>
      <symbol id="sm-205">
         <name>__TI_decompress_none</name>
         <value>0x9289</value>
         <object_component_ref idref="oc-20"/>
      </symbol>
      <symbol id="sm-210">
         <name>__TI_decompress_lzss</name>
         <value>0x8c39</value>
         <object_component_ref idref="oc-1c"/>
      </symbol>
      <symbol id="sm-226">
         <name>HOSTexit</name>
         <value>0x92d7</value>
         <object_component_ref idref="oc-148"/>
      </symbol>
      <symbol id="sm-227">
         <name>C$$EXIT</name>
         <value>0x92d6</value>
         <object_component_ref idref="oc-148"/>
      </symbol>
      <symbol id="sm-240">
         <name>__aeabi_uidiv</name>
         <value>0x8e9d</value>
         <object_component_ref idref="oc-15d"/>
      </symbol>
      <symbol id="sm-241">
         <name>__aeabi_uidivmod</name>
         <value>0x8e9d</value>
         <object_component_ref idref="oc-15d"/>
      </symbol>
      <symbol id="sm-247">
         <name>__aeabi_memcpy</name>
         <value>0x92c9</value>
         <object_component_ref idref="oc-51"/>
      </symbol>
      <symbol id="sm-248">
         <name>__aeabi_memcpy4</name>
         <value>0x92c9</value>
         <object_component_ref idref="oc-51"/>
      </symbol>
      <symbol id="sm-249">
         <name>__aeabi_memcpy8</name>
         <value>0x92c9</value>
         <object_component_ref idref="oc-51"/>
      </symbol>
      <symbol id="sm-253">
         <name>__aeabi_idiv0</name>
         <value>0x88ff</value>
         <object_component_ref idref="oc-170"/>
      </symbol>
      <symbol id="sm-25f">
         <name>TI_memcpy_small</name>
         <value>0x9277</value>
         <object_component_ref idref="oc-ca"/>
      </symbol>
      <symbol id="sm-260">
         <name>__TI_static_base__</name>
         <value>0x0</value>
      </symbol>
      <symbol id="sm-263">
         <name>__mpu_init</name>
         <value>0x0</value>
      </symbol>
      <symbol id="sm-264">
         <name>_system_post_cinit</name>
         <value>0x0</value>
      </symbol>
   </symbol_table>
   <title>Link successful</title>
</link_info>
