******************************************************************************
            TI ARM Clang Linker PC v5.1.1                      
******************************************************************************
>> Linked Sat Jul 18 16:33:23 2026

OUTPUT FILE NAME:   <ECE319K_Lab9.out>
ENTRY POINT SYMBOL: "_c_int00_noargs"  address: 000090c1


MEMORY CONFIGURATION

         name            origin    length      used     unused   attr    fill
----------------------  --------  ---------  --------  --------  ----  --------
  FLASH                 00000000   00020000  00009358  00016ca8  R  X
  SRAM                  20200000   00008000  00000496  00007b6a  RW X
  BCR_CONFIG            41c00000   00000080  00000000  00000080  R   
  BSL_CONFIG            41c00100   00000080  00000000  00000080  R   


SEGMENT ALLOCATION MAP

run origin  load origin   length   init length attrs members
----------  ----------- ---------- ----------- ----- -------
00000000    00000000    00009358   00009358    r-x
  00000000    00000000    000000c0   000000c0    r-- .intvecs
  000000c0    000000c0    00007670   00007670    r-- .rodata
  00007730    00007730    00001bb8   00001bb8    r-x .text
  000092e8    000092e8    00000070   00000070    r-- .cinit
20200000    20200000    00000298   00000000    rw-
  20200000    20200000    00000200   00000000    rw- .sysmem
  20200200    20200200    00000076   00000000    rw- .data
  20200278    20200278    00000020   00000000    rw- .bss
20207e00    20207e00    00000200   00000000    rw-
  20207e00    20207e00    00000200   00000000    rw- .stack


SECTION ALLOCATION MAP

 output                                  attributes/
section   page    origin      length       input sections
--------  ----  ----------  ----------   ----------------
.intvecs   0    00000000    000000c0     
                  00000000    000000c0     startup_mspm0g3507_ticlang.o (.intvecs)

.text      0    00007730    00001bb8     
                  00007730    000002e0     Lab9Main.o (.text.main)
                  00007a10    0000026c     Lab9Main.o (.text.TIMG12_IRQHandler)
                  00007c7c    00000210     ST7735.o (.text.ST7735_DrawBitmap)
                  00007e8c    000001b4     Clock.o (.text.Clock_Init80MHz)
                  00008040    000001a8     ST7735.o (.text.ST7735_DrawChar)
                  000081e8    00000118     ST7735.o (.text.ST7735_FillRect)
                  00008300    000000fc     ADC.o (.text.ADC1_Init)
                  000083fc    000000f8     SPI.o (.text.SPI_Init)
                  000084f4    000000f4     ADC.o (.text.ADC0_Init)
                  000085e8    000000f4     ST7735.o (.text.ST7735_SetRotation)
                  000086dc    000000d0     ST7735.o (.text.ST7735_OutChar)
                  000087ac    000000b0     ST7735.o (.text.ST7735_DrawFastHLine)
                  0000885c    000000a2     ST7735.o (.text.commandList)
                  000088fe    00000002     libclang_rt.builtins.a : aeabi_div0.c.obj (.text.__aeabi_idiv0)
                  00008900    00000098     ST7735.o (.text.ST7735_InitR)
                  00008998    00000094     Timer.o (.text.TimerG12_IntArm)
                  00008a2c    00000088     ST7735.o (.text.setAddrWindow)
                  00008ab4    00000084     ST7735.o (.text.ST7735_DrawString)
                  00008b38    00000084     ST7735.o (.text.ST7735_OutUDec)
                  00008bbc    0000007c     LaunchPad.o (.text.LaunchPad_Init)
                  00008c38    0000007c     libc.a : copy_decompress_lzss.c.obj (.text:decompress:lzss)
                  00008cb4    00000054     ST7735.o (.text.fillmessage)
                  00008d08    00000048     SPI.o (.text.SPI_OutCommand)
                  00008d50    00000044     ADC.o (.text.ADC0_In)
                  00008d94    00000044     ADC.o (.text.ADC1_In)
                  00008dd8    00000044     Sound.o (.text.SysTick_IntArm)
                  00008e1c    00000040     SPI.o (.text.SPI_Reset)
                  00008e5c    00000040     TExaS.o (.text.TIMG7_IRQHandler)
                  00008e9c    00000040     libclang_rt.builtins.a : aeabi_uidivmod.S.obj (.text)
                  00008edc    0000003c     DAC5.o (.text.DAC5_Init)
                  00008f18    0000003c     libc.a : autoinit.c.obj (.text:__TI_auto_init_nobinit_nopinit)
                  00008f54    00000038     LaunchPad.o (.text.ActivatePortA_B)
                  00008f8c    00000038     SPI.o (.text.SPI_OutData)
                  00008fc4    00000038     Sound.o (.text.SysTick_Handler)
                  00008ffc    00000034     Clock.o (.text.Clock_Delay1ms)
                  00009030    00000034     ST7735.o (.text.ST7735_SetCursor)
                  00009064    00000030     ST7735.o (.text.commonInit)
                  00009094    0000002c     ST7735.o (.text.ST7735_FillScreen)
                  000090c0    00000028     libc.a : boot_cortex_m.c.obj (.text:_c_int00_noargs)
                  000090e8    00000026     ST7735.o (.text.ST7735_OutString)
                  0000910e    00000002     --HOLE-- [fill = 0]
                  00009110    00000024     Sound.o (.text.Sound_Start)
                  00009134    00000020     DAC5.o (.text.DAC5_Out)
                  00009154    00000020     Lab9Main.o (.text.Pong_Reset_Ball)
                  00009174    0000001e     ST7735.o (.text.pushColor)
                  00009192    00000002     --HOLE-- [fill = 0]
                  00009194    0000001c     startup_mspm0g3507_ticlang.o (.text.Default_Handler)
                  000091b0    0000001c     startup_mspm0g3507_ticlang.o (.text.HardFault_Handler)
                  000091cc    00000018     Switch.o (.text.Switch_In)
                  000091e4    00000018     Switch.o (.text.Switch_Init)
                  000091fc    00000016     libc.a : copy_zero_init.c.obj (.text:decompress:ZI:__TI_zero_init_nomemset)
                  00009212    00000002     --HOLE-- [fill = 0]
                  00009214    00000014     Sound.o (.text.Sound_Hit)
                  00009228    00000014     Sound.o (.text.Sound_Init)
                  0000923c    00000014     Sound.o (.text.Sound_Paddle)
                  00009250    00000014     Sound.o (.text.Sound_Win)
                  00009264    00000012     Lab9Main.o (.text.Pong_Convert)
                  00009276    00000012     libc.a : memcpy16.S.obj (.text:TI_memcpy_small)
                  00009288    00000012            : copy_decompress_none.c.obj (.text:decompress:none)
                  0000929a    00000010     Clock.o (.text.Clock_Delay)
                  000092aa    00000010     LaunchPad.o (.text.Delay)
                  000092ba    00000002     --HOLE-- [fill = 0]
                  000092bc    0000000c     Clock.o (.text.Clock_Freq)
                  000092c8    00000008     libclang_rt.builtins.a : aeabi_memcpy.S.obj (.text)
                  000092d0    00000006     libc.a : exit.c.obj (.text:abort)
                  000092d6    00000004     libsysbm.a : hostexit.c.obj (.text.HOSTexit)
                  000092da    00000004     startup_mspm0g3507_ticlang.o (.text.Reset_Handler)
                  000092de    00000004     libc.a : pre_init.c.obj (.text._system_pre_init)
                  000092e2    00000006     --HOLE-- [fill = 0]

.cinit     0    000092e8    00000070     
                  000092e8    0000004a     (.cinit..data.load) [load image, compression = lzss]
                  00009332    00000002     --HOLE-- [fill = 0]
                  00009334    0000000c     (__TI_handler_table)
                  00009340    00000008     (.cinit..bss.load) [load image, compression = zero_init]
                  00009348    00000010     (__TI_cinit_table)

.rodata    0    000000c0    00007670     
                  000000c0    000057c0     Sound.o (.rodata.win)
                  00005880    00000eac     Sound.o (.rodata.paddleSound)
                  0000672c    000006cc     Sound.o (.rodata.hitSound)
                  00006df8    000004fb     ST7735.o (.rodata.Font)
                  000072f3    00000001     --HOLE-- [fill = 0]
                  000072f4    0000012c     Lab9Main.o (.rodata.playerrect1)
                  00007420    0000012c     Lab9Main.o (.rodata.playerrect2)
                  0000754c    000000c8     Lab9Main.o (.rodata.ball)
                  00007614    0000003b     ST7735.o (.rodata.Rcmd1)
                  0000764f    0000002b     ST7735.o (.rodata.Rcmd3)
                  0000767a    00000016     ST7735.o (.rodata.str1.2132471336006292093.1)
                  00007690    00000013     Lab9Main.o (.rodata.str1.17805729293612134331.1)
                  000076a3    00000013     Lab9Main.o (.rodata.str1.974537855998307409.1)
                  000076b6    00000012     Lab9Main.o (.rodata.str1.15386688721719582736.1)
                  000076c8    0000000d     ST7735.o (.rodata.Rcmd2green)
                  000076d5    0000000d     ST7735.o (.rodata.Rcmd2red)
                  000076e2    00000008     Lab9Main.o (.rodata.str1.10956894381941128373.1)
                  000076ea    00000008     Lab9Main.o (.rodata.str1.1625247709523239184.1)
                  000076f2    00000008     Lab9Main.o (.rodata.str1.3203466171103674007.1)
                  000076fa    00000008     Lab9Main.o (.rodata.str1.6746653453011467403.1)
                  00007702    00000008     Lab9Main.o (.rodata.str1.9100383622462280700.1)
                  0000770a    00000007     Lab9Main.o (.rodata.str1.10759225207695935619.1)
                  00007711    00000007     Lab9Main.o (.rodata.str1.6501096395146260577.1)
                  00007718    00000004     Lab9Main.o (.rodata.str1.13257645979971916210.1)
                  0000771c    00000004     Lab9Main.o (.rodata.str1.15954068218775356138.1)
                  00007720    00000004     Lab9Main.o (.rodata.str1.2523468298586745346.1)
                  00007724    00000004     Lab9Main.o (.rodata.str1.43339505607666449.1)
                  00007728    00000004     Lab9Main.o (.rodata.str1.635279466477427710.1)
                  0000772c    00000004     --HOLE-- [fill = 0]

.init_array 
*          0    00000000    00000000     UNINITIALIZED

.binit     0    00000000    00000000     

.sysmem    0    20200000    00000200     UNINITIALIZED
                  20200000    00000010     libc.a : memory.c.obj (.sysmem)
                  20200010    000001f0     --HOLE--

.data      0    20200200    00000076     UNINITIALIZED
                  20200200    00000008     Lab9Main.o (.data.Pong_Lang_Name)
                  20200208    00000008     Lab9Main.o (.data.Pong_P1_Score_Text)
                  20200210    00000008     Lab9Main.o (.data.Pong_P2_Score_Text)
                  20200218    00000008     Lab9Main.o (.data.Pong_Win_Text)
                  20200220    00000004     Clock.o (.data.BusFreq)
                  20200224    00000004     Sound.o (.data.Sound_Count)
                  20200228    00000004     ST7735.o (.data.StX)
                  2020022c    00000004     ST7735.o (.data.StY)
                  20200230    00000004     Lab9Main.o (.data.ball_VX)
                  20200234    00000004     Lab9Main.o (.data.ball_VY)
                  20200238    00000004     Lab9Main.o (.data.ball_X)
                  2020023c    00000004     Lab9Main.o (.data.ball_Y)
                  20200240    00000004     Lab9Main.o (.data.game_state)
                  20200244    00000004     Lab9Main.o (.data.last_sw)
                  20200248    00000004     Lab9Main.o (.data.old_ball_X)
                  2020024c    00000004     Lab9Main.o (.data.old_ball_Y)
                  20200250    00000004     Lab9Main.o (.data.old_paddleL_Y)
                  20200254    00000004     Lab9Main.o (.data.old_paddleR_Y)
                  20200258    00000004     Lab9Main.o (.data.paddleL_Y)
                  2020025c    00000004     Lab9Main.o (.data.paddleR_Y)
                  20200260    00000004     Lab9Main.o (.data.pongLanguage)
                  20200264    00000004     Lab9Main.o (.data.score1)
                  20200268    00000004     Lab9Main.o (.data.score2)
                  2020026c    00000004     Lab9Main.o (.data.semaphore)
                  20200270    00000002     ST7735.o (.data.StTextColor)
                  20200272    00000002     ST7735.o (.data._height)
                  20200274    00000002     ST7735.o (.data._width)

.bss       0    20200278    00000020     UNINITIALIZED
                  20200278    0000000c     (.common:Message)
                  20200284    00000004     (.common:Messageindex)
                  20200288    00000004     (.common:Sound_Pt)
                  2020028c    00000004     (.common:TExaSLogic)
                  20200290    00000004     (.common:TExaSadc)
                  20200294    00000001     ST7735.o (.bss.ColStart)
                  20200295    00000001     ST7735.o (.bss.Rotation)
                  20200296    00000001     ST7735.o (.bss.RowStart)
                  20200297    00000001     ST7735.o (.bss.TabColor)

.stack     0    20207e00    00000200     UNINITIALIZED
                  20207e00    00000004     libc.a : boot_cortex_m.c.obj (.stack)
                  20207e04    000001fc     --HOLE--

__llvm_prf_cnts 
*          0    20200000    00000000     UNINITIALIZED

__llvm_prf_bits 
*          0    20200000    00000000     UNINITIALIZED

MODULE SUMMARY

       Module                         code   ro data   rw data
       ------                         ----   -------   -------
    .\
       Sound.o                        240    27960     8      
       ST7735.o                       2870   1425      34     
       Lab9Main.o                     1406   930       96     
       ADC.o                          632    0         0      
       Clock.o                        516    0         4      
       SPI.o                          440    0         0      
       LaunchPad.o                    196    0         0      
       Timer.o                        148    0         0      
       DAC5.o                         92     0         0      
       TExaS.o                        64     0         8      
       Switch.o                       48     0         0      
    +--+------------------------------+------+---------+---------+
       Total:                         6652   30315     150    
                                                              
    .\ticlang\
       startup_mspm0g3507_ticlang.o   60     192       0      
    +--+------------------------------+------+---------+---------+
       Total:                         60     192       0      
                                                              
    C:\ti\ccs2100\ccs\tools\compiler\ti-cgt-armllvm_5.1.1.LTS\lib\armv6m-ti-none-eabi/c/libc.a
       copy_decompress_lzss.c.obj     124    0         0      
       autoinit.c.obj                 60     0         0      
       boot_cortex_m.c.obj            40     0         0      
       copy_zero_init.c.obj           22     0         0      
       copy_decompress_none.c.obj     18     0         0      
       memcpy16.S.obj                 18     0         0      
       exit.c.obj                     6      0         0      
       pre_init.c.obj                 4      0         0      
    +--+------------------------------+------+---------+---------+
       Total:                         292    0         0      
                                                              
    C:\ti\ccs2100\ccs\tools\compiler\ti-cgt-armllvm_5.1.1.LTS\lib\armv6m-ti-none-eabi/c/libsysbm.a
       hostexit.c.obj                 4      0         0      
    +--+------------------------------+------+---------+---------+
       Total:                         4      0         0      
                                                              
    C:\ti\ccs2100\ccs\tools\compiler\ti-cgt-armllvm_5.1.1.LTS\lib\armv6m-ti-none-eabi/libclang_rt.builtins.a
       aeabi_uidivmod.S.obj           64     0         0      
       aeabi_memcpy.S.obj             8      0         0      
       aeabi_div0.c.obj               2      0         0      
    +--+------------------------------+------+---------+---------+
       Total:                         74     0         0      
                                                              
       Heap:                          0      0         512    
       Stack:                         0      0         512    
       Linker Generated:              0      110       0      
    +--+------------------------------+------+---------+---------+
       Grand Total:                   7082   30617     1174   


LINKER GENERATED COPY TABLES

__TI_cinit_table @ 00009348 records: 2, size/record: 8, table size: 16
	.data: load addr=000092e8, load size=0000004a bytes, run addr=20200200, run size=00000076 bytes, compression=lzss
	.bss: load addr=00009340, load size=00000008 bytes, run addr=20200278, run size=00000020 bytes, compression=zero_init


LINKER GENERATED HANDLER TABLE

__TI_handler_table @ 00009334 records: 3, size/record: 4, table size: 12
	index: 0, handler: __TI_decompress_lzss
	index: 1, handler: __TI_decompress_none
	index: 2, handler: __TI_zero_init


GLOBAL SYMBOLS: SORTED ALPHABETICALLY BY Name 

address   name                          
-------   ----                          
00009195  ADC0_IRQHandler               
00008d51  ADC0_In                       
000084f5  ADC0_Init                     
00009195  ADC1_IRQHandler               
00008d95  ADC1_In                       
00008301  ADC1_Init                     
00009195  AES_IRQHandler                
00008f55  ActivatePortA_B               
20200220  BusFreq                       
000092d6  C$$EXIT                       
00009195  CANFD0_IRQHandler             
0000929b  Clock_Delay                   
00008ffd  Clock_Delay1ms                
000092bd  Clock_Freq                    
00007e8d  Clock_Init80MHz               
00009195  DAC0_IRQHandler               
00008edd  DAC5_Init                     
00009135  DAC5_Out                      
00009195  DMA_IRQHandler                
00009195  Default_Handler               
000092ab  Delay                         
00009195  GROUP0_IRQHandler             
00009195  GROUP1_IRQHandler             
000092d7  HOSTexit                      
000091b1  HardFault_Handler             
00009195  I2C0_IRQHandler               
00009195  I2C1_IRQHandler               
00008bbd  LaunchPad_Init                
20200278  Message                       
20200284  Messageindex                  
00009195  NMI_Handler                   
00009195  PendSV_Handler                
00009265  Pong_Convert                  
20200200  Pong_Lang_Name                
20200208  Pong_P1_Score_Text            
20200210  Pong_P2_Score_Text            
00009155  Pong_Reset_Ball               
20200218  Pong_Win_Text                 
00009195  RTC_IRQHandler                
000092db  Reset_Handler                 
00009195  SPI0_IRQHandler               
00009195  SPI1_IRQHandler               
000083fd  SPI_Init                      
00008d09  SPI_OutCommand                
00008f8d  SPI_OutData                   
00008e1d  SPI_Reset                     
00007c7d  ST7735_DrawBitmap             
00008041  ST7735_DrawChar               
000087ad  ST7735_DrawFastHLine          
00008ab5  ST7735_DrawString             
000081e9  ST7735_FillRect               
00009095  ST7735_FillScreen             
00008901  ST7735_InitR                  
000086dd  ST7735_OutChar                
000090e9  ST7735_OutString              
00008b39  ST7735_OutUDec                
00009031  ST7735_SetCursor              
000085e9  ST7735_SetRotation            
00009195  SVC_Handler                   
20200224  Sound_Count                   
00009215  Sound_Hit                     
00009229  Sound_Init                    
0000923d  Sound_Paddle                  
20200288  Sound_Pt                      
00009111  Sound_Start                   
00009251  Sound_Win                     
20200270  StTextColor                   
20200228  StX                           
2020022c  StY                           
000091cd  Switch_In                     
000091e5  Switch_Init                   
00008fc5  SysTick_Handler               
00008dd9  SysTick_IntArm                
2020028c  TExaSLogic                    
20200290  TExaSadc                      
00009195  TIMA0_IRQHandler              
00009195  TIMA1_IRQHandler              
00009195  TIMG0_IRQHandler              
00007a11  TIMG12_IRQHandler             
00009195  TIMG6_IRQHandler              
00008e5d  TIMG7_IRQHandler              
00009195  TIMG8_IRQHandler              
00009277  TI_memcpy_small               
00008999  TimerG12_IntArm               
00009195  UART0_IRQHandler              
00009195  UART1_IRQHandler              
00009195  UART2_IRQHandler              
00009195  UART3_IRQHandler              
20208000  __STACK_END                   
00000200  __STACK_SIZE                  
00000200  __SYSMEM_SIZE                 
00000000  __TI_ATRegion0_region_sz      
00000000  __TI_ATRegion0_src_addr       
00000000  __TI_ATRegion0_trg_addr       
00000000  __TI_ATRegion1_region_sz      
00000000  __TI_ATRegion1_src_addr       
00000000  __TI_ATRegion1_trg_addr       
00000000  __TI_ATRegion2_region_sz      
00000000  __TI_ATRegion2_src_addr       
00000000  __TI_ATRegion2_trg_addr       
00009348  __TI_CINIT_Base               
00009358  __TI_CINIT_Limit              
00009358  __TI_CINIT_Warm               
00009334  __TI_Handler_Table_Base       
00009340  __TI_Handler_Table_Limit      
00008f19  __TI_auto_init_nobinit_nopinit
00008c39  __TI_decompress_lzss          
00009289  __TI_decompress_none          
ffffffff  __TI_pprof_out_hndl           
ffffffff  __TI_prof_data_size           
ffffffff  __TI_prof_data_start          
00000000  __TI_static_base__            
000091fd  __TI_zero_init_nomemset       
000088ff  __aeabi_idiv0                 
000092c9  __aeabi_memcpy                
000092c9  __aeabi_memcpy4               
000092c9  __aeabi_memcpy8               
00008e9d  __aeabi_uidiv                 
00008e9d  __aeabi_uidivmod              
ffffffff  __binit__                     
UNDEFED   __mpu_init                    
20207e00  __stack                       
20200000  __start___llvm_prf_bits       
20200000  __start___llvm_prf_cnts       
20200000  __stop___llvm_prf_bits        
20200000  __stop___llvm_prf_cnts        
000090c1  _c_int00_noargs               
20200000  _sys_memory                   
UNDEFED   _system_post_cinit            
000092df  _system_pre_init              
000092d1  abort                         
0000754c  ball                          
20200230  ball_VX                       
20200234  ball_VY                       
20200238  ball_X                        
2020023c  ball_Y                        
ffffffff  binit                         
00008cb5  fillmessage                   
20200240  game_state                    
0000672c  hitSound                      
00000000  interruptVectors              
20200244  last_sw                       
00007731  main                          
20200248  old_ball_X                    
2020024c  old_ball_Y                    
20200250  old_paddleL_Y                 
20200254  old_paddleR_Y                 
20200258  paddleL_Y                     
2020025c  paddleR_Y                     
00005880  paddleSound                   
000072f4  playerrect1                   
00007420  playerrect2                   
20200260  pongLanguage                  
20200264  score1                        
20200268  score2                        
2020026c  semaphore                     
000000c0  win                           


GLOBAL SYMBOLS: SORTED BY Symbol Address 

address   name                          
-------   ----                          
00000000  __TI_ATRegion0_region_sz      
00000000  __TI_ATRegion0_src_addr       
00000000  __TI_ATRegion0_trg_addr       
00000000  __TI_ATRegion1_region_sz      
00000000  __TI_ATRegion1_src_addr       
00000000  __TI_ATRegion1_trg_addr       
00000000  __TI_ATRegion2_region_sz      
00000000  __TI_ATRegion2_src_addr       
00000000  __TI_ATRegion2_trg_addr       
00000000  __TI_static_base__            
00000000  interruptVectors              
000000c0  win                           
00000200  __STACK_SIZE                  
00000200  __SYSMEM_SIZE                 
00005880  paddleSound                   
0000672c  hitSound                      
000072f4  playerrect1                   
00007420  playerrect2                   
0000754c  ball                          
00007731  main                          
00007a11  TIMG12_IRQHandler             
00007c7d  ST7735_DrawBitmap             
00007e8d  Clock_Init80MHz               
00008041  ST7735_DrawChar               
000081e9  ST7735_FillRect               
00008301  ADC1_Init                     
000083fd  SPI_Init                      
000084f5  ADC0_Init                     
000085e9  ST7735_SetRotation            
000086dd  ST7735_OutChar                
000087ad  ST7735_DrawFastHLine          
000088ff  __aeabi_idiv0                 
00008901  ST7735_InitR                  
00008999  TimerG12_IntArm               
00008ab5  ST7735_DrawString             
00008b39  ST7735_OutUDec                
00008bbd  LaunchPad_Init                
00008c39  __TI_decompress_lzss          
00008cb5  fillmessage                   
00008d09  SPI_OutCommand                
00008d51  ADC0_In                       
00008d95  ADC1_In                       
00008dd9  SysTick_IntArm                
00008e1d  SPI_Reset                     
00008e5d  TIMG7_IRQHandler              
00008e9d  __aeabi_uidiv                 
00008e9d  __aeabi_uidivmod              
00008edd  DAC5_Init                     
00008f19  __TI_auto_init_nobinit_nopinit
00008f55  ActivatePortA_B               
00008f8d  SPI_OutData                   
00008fc5  SysTick_Handler               
00008ffd  Clock_Delay1ms                
00009031  ST7735_SetCursor              
00009095  ST7735_FillScreen             
000090c1  _c_int00_noargs               
000090e9  ST7735_OutString              
00009111  Sound_Start                   
00009135  DAC5_Out                      
00009155  Pong_Reset_Ball               
00009195  ADC0_IRQHandler               
00009195  ADC1_IRQHandler               
00009195  AES_IRQHandler                
00009195  CANFD0_IRQHandler             
00009195  DAC0_IRQHandler               
00009195  DMA_IRQHandler                
00009195  Default_Handler               
00009195  GROUP0_IRQHandler             
00009195  GROUP1_IRQHandler             
00009195  I2C0_IRQHandler               
00009195  I2C1_IRQHandler               
00009195  NMI_Handler                   
00009195  PendSV_Handler                
00009195  RTC_IRQHandler                
00009195  SPI0_IRQHandler               
00009195  SPI1_IRQHandler               
00009195  SVC_Handler                   
00009195  TIMA0_IRQHandler              
00009195  TIMA1_IRQHandler              
00009195  TIMG0_IRQHandler              
00009195  TIMG6_IRQHandler              
00009195  TIMG8_IRQHandler              
00009195  UART0_IRQHandler              
00009195  UART1_IRQHandler              
00009195  UART2_IRQHandler              
00009195  UART3_IRQHandler              
000091b1  HardFault_Handler             
000091cd  Switch_In                     
000091e5  Switch_Init                   
000091fd  __TI_zero_init_nomemset       
00009215  Sound_Hit                     
00009229  Sound_Init                    
0000923d  Sound_Paddle                  
00009251  Sound_Win                     
00009265  Pong_Convert                  
00009277  TI_memcpy_small               
00009289  __TI_decompress_none          
0000929b  Clock_Delay                   
000092ab  Delay                         
000092bd  Clock_Freq                    
000092c9  __aeabi_memcpy                
000092c9  __aeabi_memcpy4               
000092c9  __aeabi_memcpy8               
000092d1  abort                         
000092d6  C$$EXIT                       
000092d7  HOSTexit                      
000092db  Reset_Handler                 
000092df  _system_pre_init              
00009334  __TI_Handler_Table_Base       
00009340  __TI_Handler_Table_Limit      
00009348  __TI_CINIT_Base               
00009358  __TI_CINIT_Limit              
00009358  __TI_CINIT_Warm               
20200000  __start___llvm_prf_bits       
20200000  __start___llvm_prf_cnts       
20200000  __stop___llvm_prf_bits        
20200000  __stop___llvm_prf_cnts        
20200000  _sys_memory                   
20200200  Pong_Lang_Name                
20200208  Pong_P1_Score_Text            
20200210  Pong_P2_Score_Text            
20200218  Pong_Win_Text                 
20200220  BusFreq                       
20200224  Sound_Count                   
20200228  StX                           
2020022c  StY                           
20200230  ball_VX                       
20200234  ball_VY                       
20200238  ball_X                        
2020023c  ball_Y                        
20200240  game_state                    
20200244  last_sw                       
20200248  old_ball_X                    
2020024c  old_ball_Y                    
20200250  old_paddleL_Y                 
20200254  old_paddleR_Y                 
20200258  paddleL_Y                     
2020025c  paddleR_Y                     
20200260  pongLanguage                  
20200264  score1                        
20200268  score2                        
2020026c  semaphore                     
20200270  StTextColor                   
20200278  Message                       
20200284  Messageindex                  
20200288  Sound_Pt                      
2020028c  TExaSLogic                    
20200290  TExaSadc                      
20207e00  __stack                       
20208000  __STACK_END                   
ffffffff  __TI_pprof_out_hndl           
ffffffff  __TI_prof_data_size           
ffffffff  __TI_prof_data_start          
ffffffff  __binit__                     
ffffffff  binit                         
UNDEFED   __mpu_init                    
UNDEFED   _system_post_cinit            

[157 symbols]
